Script started on 2019-07-01 16:38:37+01:00 [TERM="xterm" TTY="/dev/pts/1" COLUMNS="238" LINES="12"]
[jgabrantes@laptop lfa-1819-g08]$ ls
comandos  [0m[01;34mGramatica[0m  requir.txt  [01;32mscript[0m  tabela2.java  Tabela.java  teste.txt  testMain.java  typescript
[jgabrantes@laptop lfa-1819-g08]$ antlr4 -visitor tabela2.java [K[K[K[K[K[K[K[K[K[K[K[K[Kgr[K[KGramatica/tableGram.g4 
[jgabrantes@laptop lfa-1819-g08]$ ls
comandos  [0m[01;34mGramatica[0m  requir.txt  [01;32mscript[0m  tabela2.java  Tabela.java  teste.txt  testMain.java  typescript
[jgabrantes@laptop lfa-1819-g08]$ cd Gramatica/
[jgabrantes@laptop Gramatica]$ ls
tableGramBaseListener.java  tableGram.g4      tableGramLexer.interp  tableGramLexer.tokens   tableGramParser.java  tableGramVisitor.java
tableGramBaseVisitor.java   tableGram.interp  tableGramLexer.java    tableGramListener.java  tableGram.tokens
[jgabrantes@laptop Gramatica]$ ja t[K[K[K[Ksubl subl tableGramVisitor.java 
[jgabrantes@laptop Gramatica]$ sub[K[K[Kcd ..
[jgabrantes@laptop lfa-1819-g08]$ subl
[jgabrantes@laptop lfa-1819-g08]$ git pull[K[Kll
Username for 'https://code.ua.pt': ^C
[jgabrantes@laptop lfa-1819-g08]$ git push
Username for 'https://code.ua.pt': jgabramte   ntes@ua.pt
Password for 'https://jgabrantes@ua.pt@code.ua.pt': 
fatal: Authentication failed for 'https://code.ua.pt/git/lfa-1819-g08/'
[jgabrantes@laptop lfa-1819-g08]$ git push
Username for 'https://code.ua.pt': ^C
[jgabrantes@laptop lfa-1819-g08]$ git pull
Username for 'https://code.ua.pt': jgabrantes@ua.pt
Password for 'https://jgabrantes@ua.pt@code.ua.pt': 
remote: Counting objects: 6, done.[K
remote: Compressing objects:  25% (1/4)   [Kremote: Compressing objects:  50% (2/4)   [Kremote: Compressing objects:  75% (3/4)   [Kremote: Compressing objects: 100% (4/4)   [Kremote: Compressing objects: 100% (4/4), done.[K
remote: Total 4 (delta 1), reused 0 (delta 0)[K
Unpacking objects:  25% (1/4)   Unpacking objects:  50% (2/4)   Unpacking objects:  75% (3/4)   Unpacking objects: 100% (4/4)   Unpacking objects: 100% (4/4), done.
From https://code.ua.pt/git/lfa-1819-g08
   397f3fc..947c2c0  master     -> origin/master
Updating 397f3fc..947c2c0
Fast-forward
 tabela2.java     | 253 [32m+++++++++++++++++++++++++++++++++++++++++++++++++++++++++++++++++++++++++++++++++++++++++++++++++++++++++++++++++++++++++++++++++++++++++++++++[m[31m----------------------------------------------------------------------[m
 testTabela2.java |  38 [32m++++++++++++++++++++++++++++++++[m
 2 files changed, 208 insertions(+), 83 deletions(-)
 create mode 100644 testTabela2.java
[jgabrantes@laptop lfa-1819-g08]$ ls
comandos  [0m[01;34mGramatica[0m  requir.txt  [01;32mscript[0m  tabela2.java  Tabela.java  teste.txt  testMain.java  testTabela2.java  typescript
[jgabrantes@laptop lfa-1819-g08]$ subl tabela2.java 
[jgabrantes@laptop lfa-1819-g08]$ ls
comandos  [0m[01;34mGramatica[0m  requir.txt  [01;32mscript[0m  tabela2.java  Tabela.java  teste.txt  testMain.java  testTabela2.java  typescript
[jgabrantes@laptop lfa-1819-g08]$ cd Gramatica/
[jgabrantes@laptop Gramatica]$ ls
tableGramBaseListener.java  tableGram.g4      tableGramLexer.interp  tableGramLexer.tokens   tableGramParser.java  tableGramVisitor.java
tableGramBaseVisitor.java   tableGram.interp  tableGramLexer.java    tableGramListener.java  tableGram.tokens
[jgabrantes@laptop Gramatica]$ cd[K[Kantlr4 tableGram.g4 
[jgabrantes@laptop Gramatica]$ antlr4-test tableGram
Can't load tableGram as lexer or parser
[jgabrantes@laptop Gramatica]$ antlr4-test tableGram.g4 
Can't load tableGram as lexer or parser
[jgabrantes@laptop Gramatica]$ antlr4.build t[K[K[K[K[K[K[K[K-build tableGram.g4 
Processing ./tableGram
[jgabrantes@laptop Gramatica]$ antlr4-test [K[K[K[K[K[K-main[K[K[K[K[K[K[K[K[K[K[Kls
 tableGramBaseListener.class                    'tableGramParser$ClearRowContext.class'            'tableGramParser$MainContext.class'                'tableGramParser$RemoveTableContext.class'
 tableGramBaseListener.java                     'tableGramParser$ClearRowMethodContext.class'      'tableGramParser$MathContext.class'                'tableGramParser$RemoveTableMethodContext.class'
 tableGramBaseVisitor.class                     'tableGramParser$CopyTableContext.class'           'tableGramParser$MethodContext.class'              'tableGramParser$StatContext.class'
 tableGramBaseVisitor.java                      'tableGramParser$CopyTableMethodContext.class'     'tableGramParser$MethodStatContext.class'          'tableGramParser$StringDeclaringContext.class'
 tableGram.g4                                   'tableGramParser$CreateCustomTableContext.class'   'tableGramParser$NewColumnContext.class'           'tableGramParser$StringExprContext.class'
 tableGram.interp                               'tableGramParser$CreateDefaultTableContext.class'  'tableGramParser$NewColumnMethodContext.class'     'tableGramParser$StringGetContext.class'
 tableGramLexer.class                           'tableGramParser$DeclaracaoContext.class'          'tableGramParser$NewRowContext.class'              'tableGramParser$StringMathContext.class'
 tableGramLexer.interp                          'tableGramParser$DeclareDirectContext.class'       'tableGramParser$NewRowMethodContext.class'        'tableGramParser$TableDeclaringContext.class'
 tableGramLexer.java                            'tableGramParser$DeclareNullContext.class'         'tableGramParser$NewTableContext.class'            'tableGramParser$TipoContext.class'
 tableGramLexer.tokens                          'tableGramParser$DeclareStatContext.class'         'tableGramParser$NewTableMethodContext.class'      'tableGramParser$VoidMethodsContext.class'
 tableGramListener.class                        'tableGramParser$DoubleDeclaringContext.class'     'tableGramParser$NonVoidMethodsContext.class'       tableGramParser.class
 tableGramListener.java                         'tableGramParser$DoubleMathContext.class'          'tableGramParser$NumExprContext.class'              tableGramParser.java
'tableGramParser$AddColumnContext.class'        'tableGramParser$ExportContext.class'              'tableGramParser$NumExpressionContext.class'        tableGram.tokens
'tableGramParser$AddColumnMethodContext.class'  'tableGramParser$ExportMethodContext.class'        'tableGramParser$PrintContext.class'                tableGramVisitor.class
'tableGramParser$AddRowContext.class'           'tableGramParser$ExprContext.class'                'tableGramParser$PrintMethodContext.class'          tableGramVisitor.java
'tableGramParser$AddRowMethodContext.class'     'tableGramParser$FicheiroContext.class'            'tableGramParser$ReadTableContext.class'
'tableGramParser$AtribuicaoContext.class'       'tableGramParser$IntDeclaringContext.class'        'tableGramParser$RemoveColumnContext.class'
'tableGramParser$AtrStatContext.class'          'tableGramParser$IntMathContext.class'             'tableGramParser$RemoveColumnMethodContext.class'
[jgabrantes@laptop Gramatica]$ antlr4-main tableGram.g4  main
Creating "tableGramMain.java" for:
   grammar="tableGram"
   rule="main"
[jgabrantes@laptop Gramatica]$ ls
 tableGramBaseListener.class                    'tableGramParser$AtrStatContext.class'             'tableGramParser$IntMathContext.class'          'tableGramParser$RemoveColumnMethodContext.class'
 tableGramBaseListener.java                     'tableGramParser$ClearRowContext.class'            'tableGramParser$MainContext.class'             'tableGramParser$RemoveTableContext.class'
 tableGramBaseVisitor.class                     'tableGramParser$ClearRowMethodContext.class'      'tableGramParser$MathContext.class'             'tableGramParser$RemoveTableMethodContext.class'
 tableGramBaseVisitor.java                      'tableGramParser$CopyTableContext.class'           'tableGramParser$MethodContext.class'           'tableGramParser$StatContext.class'
 tableGram.g4                                   'tableGramParser$CopyTableMethodContext.class'     'tableGramParser$MethodStatContext.class'       'tableGramParser$StringDeclaringContext.class'
 tableGram.interp                               'tableGramParser$CreateCustomTableContext.class'   'tableGramParser$NewColumnContext.class'        'tableGramParser$StringExprContext.class'
 tableGramLexer.class                           'tableGramParser$CreateDefaultTableContext.class'  'tableGramParser$NewColumnMethodContext.class'  'tableGramParser$StringGetContext.class'
 tableGramLexer.interp                          'tableGramParser$DeclaracaoContext.class'          'tableGramParser$NewRowContext.class'           'tableGramParser$StringMathContext.class'
 tableGramLexer.java                            'tableGramParser$DeclareDirectContext.class'       'tableGramParser$NewRowMethodContext.class'     'tableGramParser$TableDeclaringContext.class'
 tableGramLexer.tokens                          'tableGramParser$DeclareNullContext.class'         'tableGramParser$NewTableContext.class'         'tableGramParser$TipoContext.class'
 tableGramListener.class                        'tableGramParser$DeclareStatContext.class'         'tableGramParser$NewTableMethodContext.class'   'tableGramParser$VoidMethodsContext.class'
 tableGramListener.java                         'tableGramParser$DoubleDeclaringContext.class'     'tableGramParser$NonVoidMethodsContext.class'    tableGramParser.class
 tableGramMain.java                             'tableGramParser$DoubleMathContext.class'          'tableGramParser$NumExprContext.class'           tableGramParser.java
'tableGramParser$AddColumnContext.class'        'tableGramParser$ExportContext.class'              'tableGramParser$NumExpressionContext.class'     tableGram.tokens
'tableGramParser$AddColumnMethodContext.class'  'tableGramParser$ExportMethodContext.class'        'tableGramParser$PrintContext.class'             tableGramVisitor.class
'tableGramParser$AddRowContext.class'           'tableGramParser$ExprContext.class'                'tableGramParser$PrintMethodContext.class'       tableGramVisitor.java
'tableGramParser$AddRowMethodContext.class'     'tableGramParser$FicheiroContext.class'            'tableGramParser$ReadTableContext.class'
'tableGramParser$AtribuicaoContext.class'       'tableGramParser$IntDeclaringContext.class'        'tableGramParser$RemoveColumnContext.class'
[jgabrantes@laptop Gramatica]$ antlr4-run [K[K[K[Ktest a[KtableGram.g4 
line 1:8 mismatched input 'tableGram' expecting '='
line 1:17 mismatched input ';' expecting '='
line 3:4 mismatched input ':' expecting '='
line 3:10 mismatched input '*' expecting '='
line 3:15 mismatched input ';' expecting '='
line 5:4 mismatched input ':' expecting '='
line 5:24 mismatched input '#' expecting '='
line 6:6 mismatched input '|' expecting '='
line 6:24 mismatched input '#' expecting '='
line 7:6 mismatched input '|' expecting '='
line 7:27 mismatched input '#' expecting '='
line 8:6 mismatched input ';' expecting '='
line 10:10 mismatched input ':' expecting '='
line 10:17 mismatched input 'ID' expecting '='
line 10:32 mismatched input '#' expecting '='
line 11:10 mismatched input '|' expecting '='
line 11:17 mismatched input 'atribuicao' expecting '='
line 11:32 mismatched input '#' expecting '='
line 12:10 mismatched input ';' expecting '='
line 14:4 mismatched input ':' expecting '='
line 15:4 mismatched input '|' expecting '='
line 16:4 mismatched input '|' expecting '='
line 17:4 mismatched input '|' expecting '='
line 18:4 mismatched input ';' expecting '='
line 21:10 mismatched input ':' expecting '='
line 21:15 extraneous input ''' expecting '='
line 21:17 mismatched input ''' expecting {'create table', 'copy', INT, DOUBLE, STRING}
line 21:23 mismatched input ';' expecting '='
line 23:4 mismatched input ':' expecting '='
line 23:40 mismatched input '#' expecting '='
line 24:4 mismatched input '|' expecting '='
line 24:32 mismatched input '#' expecting '='
line 25:4 mismatched input '|' expecting '='
line 25:32 mismatched input '#' expecting '='
line 26:4 mismatched input ';' expecting '='
line 28:8 mismatched input 'returns' expecting '='
line 28:16 mismatched input '[' expecting '='
line 28:29 extraneous input ']' expecting {<EOF>, 'String', 'int', 'double', 'table', 'delete table', 'add row', 'addrow', 'delete row', 'add column', 'delete column', 'save', 'print', ID}
line 29:12 mismatched input 'numExpr' expecting {'create table', 'copy', INT, DOUBLE, STRING}
line 29:20 extraneous input 'op' expecting '='
line 29:23 mismatched input '(' expecting {'create table', 'copy', INT, DOUBLE, STRING}
line 29:44 mismatched input 'numExpr' expecting {'create table', 'copy', INT, DOUBLE, STRING}
line 29:56 mismatched input '#' expecting '='
line 30:4 mismatched input '|' expecting '='
line 30:56 mismatched input '#' expecting '='
line 31:4 mismatched input '|' expecting '='
line 31:56 mismatched input '#' expecting '='
line 32:4 mismatched input '|' expecting '='
line 32:56 mismatched input '#' expecting '='
line 33:4 mismatched input ';' expecting '='
line 35:10 mismatched input ':' expecting '='
line 35:18 mismatched input ';' expecting '='
line 38:14 mismatched input ':' expecting '='
line 38:67 mismatched input '#' expecting '='
line 39:18 mismatched input '|' expecting '='
line 39:68 mismatched input '#' expecting '='
line 40:18 mismatched input ';' expecting '='
line 43:11 mismatched input ':' expecting '='
line 43:67 mismatched input '#' expecting '='
line 44:18 mismatched input '|' expecting '='
line 44:68 mismatched input '#' expecting '='
line 45:18 mismatched input '|' expecting '='
line 45:68 mismatched input '#' expecting '='
line 46:18 mismatched input '|' expecting '='
line 46:68 mismatched input '#' expecting '='
line 47:18 mismatched input '|' expecting '='
line 47:68 mismatched input '#' expecting '='
line 48:18 mismatched input '|' expecting '='
line 48:68 mismatched input '#' expecting '='
line 49:18 mismatched input '|' expecting '='
line 49:68 mismatched input '#' expecting '='
line 50:18 mismatched input '|' expecting '='
line 50:68 extraneous input '#' expecting ID
line 51:18 extraneous input '|' expecting {<EOF>, 'String', 'int', 'double', 'table', 'delete table', 'add row', 'addrow', 'delete row', 'add column', 'delete column', 'save', 'print', ID}
line 51:67 mismatched input '#' expecting '='
line 52:18 mismatched input ';' expecting '='
line 56:8 mismatched input ':' expecting '='
line 57:12 mismatched input '|' expecting '='
line 57:33 mismatched input 'INT' expecting '='
line 57:56 mismatched input '#' expecting '='
line 58:12 mismatched input ';' expecting '='
line 60:9 mismatched input ':' expecting '='
line 60:21 mismatched input ';' expecting '='
line 62:9 mismatched input ':' expecting '='
line 62:26 mismatched input ';' expecting '='
line 64:11 mismatched input ':' expecting '='
line 64:26 extraneous input ''' expecting ID
line 64:30 extraneous input ';' expecting {<EOF>, 'String', 'int', 'double', 'table', 'delete table', 'add row', 'addrow', 'delete row', 'add column', 'delete column', 'save', 'print', ID}
line 66:6 mismatched input ':' expecting '='
line 66:16 mismatched input ''' expecting INT
line 66:22 mismatched input 'ID' expecting '='
line 66:25 mismatched input ''' expecting '='
line 66:33 mismatched input 'INT' expecting '='
line 66:36 mismatched input ';' expecting '='
line 68:6 mismatched input ':' expecting '='
line 68:16 mismatched input ''' expecting '->'
line 68:27 mismatched input 'INT' expecting '='
line 68:30 mismatched input ';' expecting '='
line 70:8 mismatched input ':' expecting '='
line 70:21 mismatched input ''' expecting INT
line 70:27 mismatched input 'ID' expecting '='
line 70:30 mismatched input ';' expecting '='
line 72:9 mismatched input ':' expecting '='
line 72:27 mismatched input 'ID' expecting '='
line 72:30 mismatched input ''' expecting '='
line 72:38 mismatched input ''' expecting '='
line 72:44 mismatched input ''' expecting '='
line 74:9 mismatched input ':' expecting '='
line 74:31 mismatched input ';' expecting '='
line 76:12 mismatched input ':' expecting '='
line 76:28 extraneous input ''' expecting ID
line 76:35 extraneous input ';' expecting {<EOF>, 'String', 'int', 'double', 'table', 'delete table', 'add row', 'addrow', 'delete row', 'add column', 'delete column', 'save', 'print', ID}
line 78:6 mismatched input ':' expecting '='
line 78:13 extraneous input ''' expecting ID
line 78:18 extraneous input ''' expecting 'to'
line 78:21 extraneous input ''' expecting ID
line 78:31 mismatched input ';' expecting '.csv'
line 80:5 mismatched input ':' expecting ID
line 80:13 extraneous input ''' expecting ID
line 80:17 extraneous input ';' expecting {<EOF>, 'String', 'int', 'double', 'table', 'delete table', 'add row', 'addrow', 'delete row', 'add column', 'delete column', 'save', 'print', ID}
line 83:8 mismatched input ':' expecting '='
line 83:13 mismatched input ''' expecting '='
line 91:3 mismatched input ':' expecting '='
line 91:8 mismatched input '-' expecting '='
line 91:11 mismatched input '-' expecting '='
line 91:13 mismatched input ']' expecting '='
line 91:16 mismatched input '-' expecting '='
line 91:19 mismatched input '-' expecting '='
line 91:23 mismatched input '-' expecting '='
line 92:3 mismatched input ':' expecting '='
line 93:6 mismatched input ':' expecting '='
line 94:6 mismatched input ':' expecting '='
line 95:12 mismatched input ':' expecting '='
line 96:15 mismatched input ':' expecting '='
line 96:38 mismatched input ';' expecting '='
line 97:3 mismatched input ':' expecting '='
line 97:9 mismatched input '\' expecting '='
line 97:11 mismatched input '\' expecting '='
line 97:13 mismatched input ']' expecting '='
line 97:23 mismatched input ';' expecting '='
line 98:6 mismatched input ':' expecting '='
[jgabrantes@laptop Gramatica]$ [K[jgabrantes@laptop Gramatica]$ [K[jgabrantes@laptop Gramatica]$ [K[jgabrantes@laptop Gramatica]$ [K[jgabrantes@laptop Gramatica]$ [K[jgabrantes@laptop Gramatica]$ [K[jgabrantes@laptop Gramatica]$ [K[jgabrantes@laptop Gramatica]$ [K[jgabrantes@laptop Gramatica]$ [K[jgabrantes@laptop Gramatica]$ ls
 tableGramBaseListener.class                    'tableGramParser$AtrStatContext.class'             'tableGramParser$IntMathContext.class'          'tableGramParser$RemoveColumnMethodContext.class'
 tableGramBaseListener.java                     'tableGramParser$ClearRowContext.class'            'tableGramParser$MainContext.class'             'tableGramParser$RemoveTableContext.class'
 tableGramBaseVisitor.class                     'tableGramParser$ClearRowMethodContext.class'      'tableGramParser$MathContext.class'             'tableGramParser$RemoveTableMethodContext.class'
 tableGramBaseVisitor.java                      'tableGramParser$CopyTableContext.class'           'tableGramParser$MethodContext.class'           'tableGramParser$StatContext.class'
 tableGram.g4                                   'tableGramParser$CopyTableMethodContext.class'     'tableGramParser$MethodStatContext.class'       'tableGramParser$StringDeclaringContext.class'
 tableGram.interp                               'tableGramParser$CreateCustomTableContext.class'   'tableGramParser$NewColumnContext.class'        'tableGramParser$StringExprContext.class'
 tableGramLexer.class                           'tableGramParser$CreateDefaultTableContext.class'  'tableGramParser$NewColumnMethodContext.class'  'tableGramParser$StringGetContext.class'
 tableGramLexer.interp                          'tableGramParser$DeclaracaoContext.class'          'tableGramParser$NewRowContext.class'           'tableGramParser$StringMathContext.class'
 tableGramLexer.java                            'tableGramParser$DeclareDirectContext.class'       'tableGramParser$NewRowMethodContext.class'     'tableGramParser$TableDeclaringContext.class'
 tableGramLexer.tokens                          'tableGramParser$DeclareNullContext.class'         'tableGramParser$NewTableContext.class'         'tableGramParser$TipoContext.class'
 tableGramListener.class                        'tableGramParser$DeclareStatContext.class'         'tableGramParser$NewTableMethodContext.class'   'tableGramParser$VoidMethodsContext.class'
 tableGramListener.java                         'tableGramParser$DoubleDeclaringContext.class'     'tableGramParser$NonVoidMethodsContext.class'    tableGramParser.class
 tableGramMain.java                             'tableGramParser$DoubleMathContext.class'          'tableGramParser$NumExprContext.class'           tableGramParser.java
'tableGramParser$AddColumnContext.class'        'tableGramParser$ExportContext.class'              'tableGramParser$NumExpressionContext.class'     tableGram.tokens
'tableGramParser$AddColumnMethodContext.class'  'tableGramParser$ExportMethodContext.class'        'tableGramParser$PrintContext.class'             tableGramVisitor.class
'tableGramParser$AddRowContext.class'           'tableGramParser$ExprContext.class'                'tableGramParser$PrintMethodContext.class'       tableGramVisitor.java
'tableGramParser$AddRowMethodContext.class'     'tableGramParser$FicheiroContext.class'            'tableGramParser$ReadTableContext.class'
'tableGramParser$AtribuicaoContext.class'       'tableGramParser$IntDeclaringContext.class'        'tableGramParser$RemoveColumnContext.class'
[jgabrantes@laptop Gramatica]$ antlr4-[K[K[K[Klr-[K4-test testGR[Kr[K[K[K[K[K[K[K[K[K[K[K[K[K[K[K[K[K[Kantlr4.[K-test tableGram[K[K[K[K[K[K[K[KestGr[K[K[K[K[K[K[K testGram.te[Kxt
Exception in thread "main" java.nio.file.NoSuchFileException: testGram.txt
	at sun.nio.fs.UnixException.translateToIOException(UnixException.java:86)
	at sun.nio.fs.UnixException.rethrowAsIOException(UnixException.java:102)
	at sun.nio.fs.UnixException.rethrowAsIOException(UnixException.java:107)
	at sun.nio.fs.UnixFileAttributeViews$Basic.readAttributes(UnixFileAttributeViews.java:55)
	at sun.nio.fs.UnixFileSystemProvider.readAttributes(UnixFileSystemProvider.java:144)
	at sun.nio.fs.LinuxFileSystemProvider.readAttributes(LinuxFileSystemProvider.java:99)
	at java.nio.file.Files.readAttributes(Files.java:1737)
	at java.nio.file.Files.size(Files.java:2332)
	at org.antlr.v4.runtime.CharStreams.fromPath(CharStreams.java:86)
	at org.antlr.v4.gui.TestRig.process(TestRig.java:162)
	at org.antlr.v4.gui.TestRig.main(TestRig.java:119)
[jgabrantes@laptop Gramatica]$ [K[jgabrantes@laptop Gramatica]$ [K[jgabrantes@laptop Gramatica]$ antlr4-test testGram.txt.testGram.txt.testGram.txt/testGram.txt testGram.txt[1PtestGram.txt
line 2:5 extraneous input 'createTable' expecting {'create table', 'copy', INT, DOUBLE, STRING}
line 2:19 extraneous input '5' expecting {<EOF>, 'String', 'int', 'double', 'table', 'delete table', 'add row', 'addrow', 'delete row', 'add column', 'delete column', 'save', 'print', ID}
line 4:12 mismatched input 't2' expecting '='
line 5:0 mismatched input 'newRow' expecting '='
line 5:7 mismatched input '->' expecting '='
line 5:13 missing '=' at '0'
line 6:10 mismatched input '->' expecting '='
line 6:16 missing '=' at '0'
line 7:10 mismatched input '->' expecting '='
line 7:16 missing '=' at '1'
line 8:13 missing '=' at '1'
line 9:0 mismatched input 'newRow' expecting '='
line 9:7 mismatched input '->' expecting '='
line 10:0 mismatched input 'deleteRow' expecting '='
line 10:10 missing '=' at '1'
line 11:0 mismatched input 'newColumn' expecting '='
line 11:10 mismatched input '->' expecting '='
line 11:16 missing '=' at '1'
line 12:10 mismatched input '->' expecting '='
line 12:15 missing '=' at '2'
line 13:10 mismatched input '->' expecting '='
line 13:16 missing '=' at '3'
line 14:10 mismatched input '->' expecting '='
line 14:15 missing '=' at '4'
line 15:10 mismatched input '->' expecting '='
line 15:16 missing '=' at '5'
line 16:10 mismatched input '->' expecting '='
line 16:15 missing '=' at '6'
line 17:7 mismatched input '->' expecting '='
line 18:0 mismatched input 'newRow' expecting '='
line 18:7 mismatched input '->' expecting '='
line 19:0 mismatched input 'newRow' expecting '='
line 19:7 mismatched input '->' expecting '='
line 20:0 mismatched input 'newRow' expecting '='
line 20:7 mismatched input '->' expecting '='
line 21:0 mismatched input 'newRow' expecting '='
line 21:7 mismatched input '->' expecting '='
line 22:0 mismatched input 'print' expecting '='
[jgabrantes@laptop Gramatica]$ [K[jgabrantes@laptop Gramatica]$ [K[jgabrantes@laptop Gramatica]$ [K[jgabrantes@laptop Gramatica]$ [K[jgabrantes@laptop Gramatica]$ [K[jgabrantes@laptop Gramatica]$ [K[jgabrantes@laptop Gramatica]$ antlr4 tableGram.g4 
[jgabrantes@laptop Gramatica]$ [K[jgabrantes@laptop Gramatica]$ [K[jgabrantes@laptop Gramatica]$ a[Kantlr4 tableGram.g4 -test ../testGram.txt
line 2:5 extraneous input 'createTable' expecting {'create table', 'copy', INT, DOUBLE, STRING}
line 2:19 extraneous input '5' expecting {<EOF>, 'String', 'int', 'double', 'table', 'delete table', 'add row', 'addrow', 'delete row', 'add column', 'delete column', 'save', 'print', ID}
line 4:12 mismatched input 't2' expecting '='
line 5:0 mismatched input 'newRow' expecting '='
line 5:7 mismatched input '->' expecting '='
line 5:13 missing '=' at '0'
line 6:10 mismatched input '->' expecting '='
line 6:16 missing '=' at '0'
line 7:10 mismatched input '->' expecting '='
line 7:16 missing '=' at '1'
line 8:13 missing '=' at '1'
line 9:0 mismatched input 'newRow' expecting '='
line 9:7 mismatched input '->' expecting '='
line 10:0 mismatched input 'deleteRow' expecting '='
line 10:10 missing '=' at '1'
line 11:0 mismatched input 'newColumn' expecting '='
line 11:10 mismatched input '->' expecting '='
line 11:16 missing '=' at '1'
line 12:10 mismatched input '->' expecting '='
line 12:15 missing '=' at '2'
line 13:10 mismatched input '->' expecting '='
line 13:16 missing '=' at '3'
line 14:10 mismatched input '->' expecting '='
line 14:15 missing '=' at '4'
line 15:10 mismatched input '->' expecting '='
line 15:16 missing '=' at '5'
line 16:10 mismatched input '->' expecting '='
line 16:15 missing '=' at '6'
line 17:7 mismatched input '->' expecting '='
line 18:0 mismatched input 'newRow' expecting '='
line 18:7 mismatched input '->' expecting '='
line 19:0 mismatched input 'newRow' expecting '='
line 19:7 mismatched input '->' expecting '='
line 20:0 mismatched input 'newRow' expecting '='
line 20:7 mismatched input '->' expecting '='
line 21:0 mismatched input 'newRow' expecting '='
line 21:7 mismatched input '->' expecting '='
line 22:0 mismatched input 'print' expecting '='
[jgabrantes@laptop Gramatica]$ antlr4-test ../testGram.txt[7P tableGram.g4 
[jgabrantes@laptop Gramatica]$ [K[jgabrantes@laptop Gramatica]$ [K[jgabrantes@laptop Gramatica]$ [H[2J[jgabrantes@laptop Gramatica]$ antlr4 tableGram.g4 
[jgabrantes@laptop Gramatica]$ antlr4 tableGram.g4 -test ../testGram.txt
line 2:5 extraneous input 'createTable' expecting {'create table', 'copy', INT, DOUBLE, STRING}
line 2:19 extraneous input '5' expecting {<EOF>, 'String', 'int', 'double', 'table', 'delete table', 'add row', 'addrow', 'delete row', 'add column', 'delete column', 'save', 'print', ID}
line 4:12 mismatched input 't2' expecting '='
line 5:0 mismatched input 'newRow' expecting '='
line 5:7 mismatched input '->' expecting '='
line 5:13 missing '=' at '0'
line 6:10 mismatched input '->' expecting '='
line 6:16 missing '=' at '0'
line 7:10 mismatched input '->' expecting '='
line 7:16 missing '=' at '1'
line 8:13 missing '=' at '1'
line 9:0 mismatched input 'newRow' expecting '='
line 9:7 mismatched input '->' expecting '='
line 10:0 mismatched input 'deleteRow' expecting '='
line 10:10 missing '=' at '1'
line 11:0 mismatched input 'newColumn' expecting '='
line 11:10 mismatched input '->' expecting '='
line 11:16 missing '=' at '1'
line 12:10 mismatched input '->' expecting '='
line 12:15 missing '=' at '2'
line 13:10 mismatched input '->' expecting '='
line 13:16 missing '=' at '3'
line 14:10 mismatched input '->' expecting '='
line 14:15 missing '=' at '4'
line 15:10 mismatched input '->' expecting '='
line 15:16 missing '=' at '5'
line 16:10 mismatched input '->' expecting '='
line 16:15 missing '=' at '6'
line 17:7 mismatched input '->' expecting '='
line 18:0 mismatched input 'newRow' expecting '='
line 18:7 mismatched input '->' expecting '='
line 19:0 mismatched input 'newRow' expecting '='
line 19:7 mismatched input '->' expecting '='
line 20:0 mismatched input 'newRow' expecting '='
line 20:7 mismatched input '->' expecting '='
line 21:0 mismatched input 'newRow' expecting '='
line 21:7 mismatched input '->' expecting '='
line 22:0 mismatched input 'print' expecting '='
[jgabrantes@laptop Gramatica]$ [K[jgabrantes@laptop Gramatica]$ [K[jgabrantes@laptop Gramatica]$ antlr4-test ../testGram.txt[K[K[K[K[K[K[K[K[K[K[K[K[K[K[K[K[K[K[K[K[K[K[K[K[K[K[Kscript
Script started, file is typescript
[jgabrantes@laptop Gramatica]$ git push[K[K[K[K[K[K[K[K./script
bash: ./script: No such file or directory
[jgabrantes@laptop Gramatica]$ cd ..
[jgabrantes@laptop lfa-1819-g08]$ ./script
[H[2J[3JRemoving class files:
removing ./tableGramParser$StringGetContext.class
removing ./tableGramParser$NewTableMethodContext.class
removing ./tableGramLexer.class
removing ./tableGramParser$TipoContext.class
removing ./tableGramParser$IntDeclaringContext.class
removing ./tableGramListener.class
removing ./tableGramParser$MethodStatContext.class
removing ./tableGramParser$ExportContext.class
removing ./tableGramParser.class
removing ./tableGramParser$RemoveTableContext.class
removing ./tableGramParser$TableDeclaringContext.class
removing ./tableGramParser$RemoveColumnContext.class
removing ./tableGramParser$StatContext.class
removing ./tableGramParser$CopyTableContext.class
removing ./tableGramParser$StringDeclaringContext.class
removing ./tableGramParser$NumExprContext.class
removing ./tableGramParser$DoubleDeclaringContext.class
removing ./tableGramParser$FicheiroContext.class
removing ./tableGramParser$CopyTableMethodContext.class
removing ./tableGramBaseListener.class
removing ./tableGramParser$RemoveTableMethodContext.class
removing ./tableGramParser$NewRowMethodContext.class
removing ./tableGramParser$ClearRowContext.class
removing ./tableGramParser$DeclareDirectContext.class
removing ./tableGramParser$MethodContext.class
removing ./tableGramParser$DeclaracaoContext.class
removing ./tableGramParser$AtrStatContext.class
removing ./tableGramParser$ClearRowMethodContext.class
removing ./tableGramParser$NewColumnContext.class
removing ./tableGramParser$MathContext.class
removing ./tableGramParser$AddRowMethodContext.class
removing ./tableGramParser$ExprContext.class
removing ./tableGramParser$StringMathContext.class
removing ./tableGramParser$NewColumnMethodContext.class
removing ./tableGramParser$NumExpressionContext.class
removing ./tableGramParser$IntMathContext.class
removing ./tableGramParser$NewTableContext.class
removing ./tableGramParser$AddColumnMethodContext.class
removing ./tableGramParser$AtribuicaoContext.class
removing ./tableGramParser$NewRowContext.class
removing ./tableGramParser$NonVoidMethodsContext.class
removing ./tableGramParser$VoidMethodsContext.class
removing ./tableGramParser$PrintMethodContext.class
removing ./tableGramParser$StringExprContext.class
removing ./tableGramParser$ExportMethodContext.class
removing ./tableGramParser$RemoveColumnMethodContext.class
removing ./tableGramParser$MainContext.class
removing ./tableGramParser$DoubleMathContext.class
removing ./tableGramParser$CreateCustomTableContext.class
removing ./tableGramParser$DeclareStatContext.class
removing ./tableGramParser$DeclareNullContext.class
removing ./tableGramParser$AddColumnContext.class
removing ./tableGramParser$PrintContext.class
removing ./tableGramParser$CreateDefaultTableContext.class
removing ./tableGramVisitor.class
removing ./tableGramParser$ReadTableContext.class
removing ./tableGramParser$AddRowContext.class
removing ./tableGramBaseVisitor.class
Removing ./tableGram.g4 files:
removed './tableGram.tokens'
removed './tableGram.interp'
removed './tableGramLexer.interp'
removed './tableGramBaseListener.java'
removed './tableGramListener.java'
removed './tableGramBaseVisitor.java'
removed './tableGramVisitor.java'
removed './tableGramLexer.tokens'
removed './tableGramLexer.java'
removed './tableGramParser.java'
[sudo] password for jgabrantes: 
Sorry, try again.
[sudo] password for jgabrantes: 
Creating "tableGramMain.java" for:
   grammar="tableGram"
   rule="main"
   treewalking="Output"
   visitors="Output"
   line-interactive
[jgabrantes@laptop lfa-1819-g08]$ c[Kls
comandos  [0m[01;34mGramatica[0m  requir.txt  [01;32mscript[0m  tabela2.java  Tabela.java  teste.txt  testGram  testGram.txt  testMain.java  testTabela2.java  typescript
[jgabrantes@laptop lfa-1819-g08]$ cd Gramatica/
[jgabrantes@laptop Gramatica]$ antr[Klr4-t[K[K[K[K[K[K[K[Kcd Grs[Ka[K[K[K[Kls
bash: cdls: command not found...
Failed to search for file: /home/jgabrantes/kernel-devel-4.18.16-200.fc28.x86_64 was not found
[jgabrantes@laptop Gramatica]$ ls
tableGramBaseListener.java  tableGram.g4      tableGramLexer.interp  tableGramLexer.tokens   tableGramMain.java    tableGram.tokens       typescript
tableGramBaseVisitor.java   tableGram.interp  tableGramLexer.java    tableGramListener.java  tableGramParser.java  tableGramVisitor.java
[jgabrantes@laptop Gramatica]$ javac [K[K[K[K[K[Kjavac *.java
tableGramMain.java:16: error: cannot find symbol
      Output visitor0 = new Output();
      ^
  symbol:   class Output
  location: class tableGramMain
tableGramMain.java:16: error: cannot find symbol
      Output visitor0 = new Output();
                            ^
  symbol:   class Output
  location: class tableGramMain
2 errors
[jgabrantes@laptop Gramatica]$ antlr4.[K -VIs[K[K[K[K[K[K[K[K[K[K[Ka[Knew[K[K[Kmk[K[Kmkfile Output.java
bash: mkfile: command not found...
Similar command is: 'touch'
[jgabrantes@laptop Gramatica]$ ls
 tableGramBaseListener.class                    'tableGramParser$AtrStatContext.class'             'tableGramParser$IntMathContext.class'          'tableGramParser$RemoveColumnMethodContext.class'
 tableGramBaseListener.java                     'tableGramParser$ClearRowContext.class'            'tableGramParser$MainContext.class'             'tableGramParser$RemoveTableContext.class'
 tableGramBaseVisitor.class                     'tableGramParser$ClearRowMethodContext.class'      'tableGramParser$MathContext.class'             'tableGramParser$RemoveTableMethodContext.class'
 tableGramBaseVisitor.java                      'tableGramParser$CopyTableContext.class'           'tableGramParser$MethodContext.class'           'tableGramParser$StatContext.class'
 tableGram.g4                                   'tableGramParser$CopyTableMethodContext.class'     'tableGramParser$MethodStatContext.class'       'tableGramParser$StringDeclaringContext.class'
 tableGram.interp                               'tableGramParser$CreateCustomTableContext.class'   'tableGramParser$NewColumnContext.class'        'tableGramParser$StringExprContext.class'
 tableGramLexer.class                           'tableGramParser$CreateDefaultTableContext.class'  'tableGramParser$NewColumnMethodContext.class'  'tableGramParser$StringGetContext.class'
 tableGramLexer.interp                          'tableGramParser$DeclaracaoContext.class'          'tableGramParser$NewRowContext.class'           'tableGramParser$StringMathContext.class'
 tableGramLexer.java                            'tableGramParser$DeclareDirectContext.class'       'tableGramParser$NewRowMethodContext.class'     'tableGramParser$TableDeclaringContext.class'
 tableGramLexer.tokens                          'tableGramParser$DeclareNullContext.class'         'tableGramParser$NewTableContext.class'         'tableGramParser$TipoContext.class'
 tableGramListener.class                        'tableGramParser$DeclareStatContext.class'         'tableGramParser$NewTableMethodContext.class'   'tableGramParser$VoidMethodsContext.class'
 tableGramListener.java                         'tableGramParser$DoubleDeclaringContext.class'     'tableGramParser$NonVoidMethodsContext.class'    tableGramParser.class
 tableGramMain.java                             'tableGramParser$DoubleMathContext.class'          'tableGramParser$NumExprContext.class'           tableGramParser.java
'tableGramParser$AddColumnContext.class'        'tableGramParser$ExportContext.class'              'tableGramParser$NumExpressionContext.class'     tableGram.tokens
'tableGramParser$AddColumnMethodContext.class'  'tableGramParser$ExportMethodContext.class'        'tableGramParser$PrintContext.class'             tableGramVisitor.class
'tableGramParser$AddRowContext.class'           'tableGramParser$ExprContext.class'                'tableGramParser$PrintMethodContext.class'       tableGramVisitor.java
'tableGramParser$AddRowMethodContext.class'     'tableGramParser$FicheiroContext.class'            'tableGramParser$ReadTableContext.class'         typescript
'tableGramParser$AtribuicaoContext.class'       'tableGramParser$IntDeclaringContext.class'        'tableGramParser$RemoveColumnContext.class'
[jgabrantes@laptop Gramatica]$ [K[jgabrantes@laptop Gramatica]$ [K[jgabrantes@laptop Gramatica]$ [K[jgabrantes@laptop Gramatica]$ [K[jgabrantes@laptop Gramatica]$ lsmkfile Output.java[6Pjavac *.java
tableGramMain.java:16: error: cannot find symbol
      Output visitor0 = new Output();
      ^
  symbol:   class Output
  location: class tableGramMain
tableGramMain.java:16: error: cannot find symbol
      Output visitor0 = new Output();
                            ^
  symbol:   class Output
  location: class tableGramMain
2 errors
[jgabrantes@laptop Gramatica]$ antlr4[K[K[K[K[K[Kls
 tableGramBaseListener.class                    'tableGramParser$AtrStatContext.class'             'tableGramParser$IntMathContext.class'          'tableGramParser$RemoveColumnMethodContext.class'
 tableGramBaseListener.java                     'tableGramParser$ClearRowContext.class'            'tableGramParser$MainContext.class'             'tableGramParser$RemoveTableContext.class'
 tableGramBaseVisitor.class                     'tableGramParser$ClearRowMethodContext.class'      'tableGramParser$MathContext.class'             'tableGramParser$RemoveTableMethodContext.class'
 tableGramBaseVisitor.java                      'tableGramParser$CopyTableContext.class'           'tableGramParser$MethodContext.class'           'tableGramParser$StatContext.class'
 tableGram.g4                                   'tableGramParser$CopyTableMethodContext.class'     'tableGramParser$MethodStatContext.class'       'tableGramParser$StringDeclaringContext.class'
 tableGram.interp                               'tableGramParser$CreateCustomTableContext.class'   'tableGramParser$NewColumnContext.class'        'tableGramParser$StringExprContext.class'
 tableGramLexer.class                           'tableGramParser$CreateDefaultTableContext.class'  'tableGramParser$NewColumnMethodContext.class'  'tableGramParser$StringGetContext.class'
 tableGramLexer.interp                          'tableGramParser$DeclaracaoContext.class'          'tableGramParser$NewRowContext.class'           'tableGramParser$StringMathContext.class'
 tableGramLexer.java                            'tableGramParser$DeclareDirectContext.class'       'tableGramParser$NewRowMethodContext.class'     'tableGramParser$TableDeclaringContext.class'
 tableGramLexer.tokens                          'tableGramParser$DeclareNullContext.class'         'tableGramParser$NewTableContext.class'         'tableGramParser$TipoContext.class'
 tableGramListener.class                        'tableGramParser$DeclareStatContext.class'         'tableGramParser$NewTableMethodContext.class'   'tableGramParser$VoidMethodsContext.class'
 tableGramListener.java                         'tableGramParser$DoubleDeclaringContext.class'     'tableGramParser$NonVoidMethodsContext.class'    tableGramParser.class
 tableGramMain.java                             'tableGramParser$DoubleMathContext.class'          'tableGramParser$NumExprContext.class'           tableGramParser.java
'tableGramParser$AddColumnContext.class'        'tableGramParser$ExportContext.class'              'tableGramParser$NumExpressionContext.class'     tableGram.tokens
'tableGramParser$AddColumnMethodContext.class'  'tableGramParser$ExportMethodContext.class'        'tableGramParser$PrintContext.class'             tableGramVisitor.class
'tableGramParser$AddRowContext.class'           'tableGramParser$ExprContext.class'                'tableGramParser$PrintMethodContext.class'       tableGramVisitor.java
'tableGramParser$AddRowMethodContext.class'     'tableGramParser$FicheiroContext.class'            'tableGramParser$ReadTableContext.class'         typescript
'tableGramParser$AtribuicaoContext.class'       'tableGramParser$IntDeclaringContext.class'        'tableGramParser$RemoveColumnContext.class'
[jgabrantes@laptop Gramatica]$ cd ..
[jgabrantes@laptop lfa-1819-g08]$ ls
comandos  [0m[01;34mGramatica[0m  Output.java  requir.txt  [01;32mscript[0m  tabela2.java  Tabela.java  teste.txt  testGram  testGram.txt  testMain.java  testTabela2.java  typescript
[jgabrantes@laptop lfa-1819-g08]$ mv Output.java Gramatica/
[jgabrantes@laptop lfa-1819-g08]$ mv Output.java Gramatica/ls[Kcd ..[3Plsjavac *.java
Note: Some input files use unchecked or unsafe operations.
Note: Recompile with -Xlint:unchecked for details.
[jgabrantes@laptop lfa-1819-g08]$ q[Kjavac *.java[K[K[K[K[K[K[K[K[K[K[K[Ktb[K[Kta[K[Kantlr4-test ge[K[K../tesG[Kt[K[K[K[K[K[K[KtestGram.txt
Exception in thread "main" java.lang.NoClassDefFoundError: Gramatica/tableGramLexer (wrong name: tableGramLexer)
	at java.lang.ClassLoader.defineClass1(Native Method)
	at java.lang.ClassLoader.defineClass(ClassLoader.java:763)
	at java.security.SecureClassLoader.defineClass(SecureClassLoader.java:142)
	at java.net.URLClassLoader.defineClass(URLClassLoader.java:468)
	at java.net.URLClassLoader.access$100(URLClassLoader.java:74)
	at java.net.URLClassLoader$1.run(URLClassLoader.java:369)
	at java.net.URLClassLoader$1.run(URLClassLoader.java:363)
	at java.security.AccessController.doPrivileged(Native Method)
	at java.net.URLClassLoader.findClass(URLClassLoader.java:362)
	at java.lang.ClassLoader.loadClass(ClassLoader.java:424)
	at sun.misc.Launcher$AppClassLoader.loadClass(Launcher.java:349)
	at java.lang.ClassLoader.loadClass(ClassLoader.java:357)
	at org.antlr.v4.gui.TestRig.process(TestRig.java:129)
	at org.antlr.v4.gui.TestRig.main(TestRig.java:119)
[jgabrantes@laptop lfa-1819-g08]$ ls
comandos  [0m[01;34mGramatica[0m  requir.txt  [01;32mscript[0m  tabela2.class  tabela2.java  Tabela.class  Tabela.java  teste.txt  testGram  testGram.txt  testMain.class  testMain.java  testTabela2.class  testTabela2.java  typescript
[jgabrantes@laptop lfa-1819-g08]$ antlr4-run testGram.txt
Error: Could not find or load main class testMain
[jgabrantes@laptop lfa-1819-g08]$ antlr[K[K[K[K[Kls
comandos  [0m[01;34mGramatica[0m  requir.txt  [01;32mscript[0m  tabela2.class  tabela2.java  Tabela.class  Tabela.java  teste.txt  testGram  testGram.txt  testMain.class  testMain.java  testTabela2.class  testTabela2.java  typescript
[jgabrantes@laptop lfa-1819-g08]$ antlr[K[K[K[K[K./script
[H[2J[3JRemoving class files:
removing ./tableGramParser$StringGetContext.class
removing ./tableGramParser$NewTableMethodContext.class
removing ./tableGramLexer.class
removing ./tableGramParser$TipoContext.class
removing ./tableGramParser$IntDeclaringContext.class
removing ./tableGramListener.class
removing ./tableGramParser$MethodStatContext.class
removing ./tableGramParser$ExportContext.class
removing ./tableGramParser.class
removing ./tableGramParser$RemoveTableContext.class
removing ./tableGramParser$TableDeclaringContext.class
removing ./tableGramParser$RemoveColumnContext.class
removing ./tableGramParser$StatContext.class
removing ./tableGramParser$CopyTableContext.class
removing ./tableGramParser$StringDeclaringContext.class
removing ./tableGramParser$NumExprContext.class
removing ./tableGramParser$DoubleDeclaringContext.class
removing ./tableGramParser$FicheiroContext.class
removing ./tableGramParser$CopyTableMethodContext.class
removing ./tableGramBaseListener.class
removing ./tableGramParser$RemoveTableMethodContext.class
removing ./tableGramParser$NewRowMethodContext.class
removing ./tableGramParser$ClearRowContext.class
removing ./tableGramParser$DeclareDirectContext.class
removing ./tableGramParser$MethodContext.class
removing ./tableGramParser$DeclaracaoContext.class
removing ./tableGramParser$AtrStatContext.class
removing ./tableGramParser$ClearRowMethodContext.class
removing ./tableGramParser$NewColumnContext.class
removing ./tableGramParser$MathContext.class
removing ./tableGramParser$AddRowMethodContext.class
removing ./tableGramParser$ExprContext.class
removing ./tableGramParser$StringMathContext.class
removing ./tableGramParser$NewColumnMethodContext.class
removing ./tableGramParser$NumExpressionContext.class
removing ./tableGramParser$IntMathContext.class
removing ./tableGramParser$NewTableContext.class
removing ./tableGramParser$AddColumnMethodContext.class
removing ./tableGramParser$AtribuicaoContext.class
removing ./tableGramParser$NewRowContext.class
removing ./tableGramParser$NonVoidMethodsContext.class
removing ./tableGramParser$VoidMethodsContext.class
removing ./tableGramParser$PrintMethodContext.class
removing ./tableGramParser$StringExprContext.class
removing ./tableGramParser$ExportMethodContext.class
removing ./tableGramParser$RemoveColumnMethodContext.class
removing ./tableGramParser$MainContext.class
removing ./tableGramParser$DoubleMathContext.class
removing ./tableGramParser$CreateCustomTableContext.class
removing ./tableGramParser$DeclareStatContext.class
removing ./tableGramParser$DeclareNullContext.class
removing ./tableGramParser$AddColumnContext.class
removing ./tableGramParser$PrintContext.class
removing ./tableGramParser$CreateDefaultTableContext.class
removing ./tableGramVisitor.class
removing ./tableGramParser$ReadTableContext.class
removing ./tableGramParser$AddRowContext.class
removing ./tableGramBaseVisitor.class
Removing ./tableGram.g4 files:
removed './tableGram.tokens'
removed './tableGram.interp'
removed './tableGramLexer.interp'
removed './tableGramBaseListener.java'
removed './tableGramListener.java'
removed './tableGramBaseVisitor.java'
removed './tableGramVisitor.java'
removed './tableGramLexer.tokens'
removed './tableGramLexer.java'
removed './tableGramParser.java'
[sudo] password for jgabrantes: 
Sorry, try again.
[sudo] password for jgabrantes: 
Creating "tableGramMain.java" for:
   grammar="tableGram"
   rule="main"
   treewalking="Output"
   visitors="Output"
   line-interactive
[jgabrantes@laptop lfa-1819-g08]$ ls
comandos  [0m[01;34mGramatica[0m  requir.txt  [01;32mscript[0m  tabela2.class  tabela2.java  Tabela.class  Tabela.java  teste.txt  testGram  testGram.txt  testMain.class  testMain.java  testTabela2.class  testTabela2.java  typescript
[jgabrantes@laptop lfa-1819-g08]$ antlr4-[K[K[K[K[K[K[Kantlr4-main [K[K[K[K[K[K[K[K[K[K[K[Ksbul[K[K[K[Kls
comandos  [0m[01;34mGramatica[0m  requir.txt  [01;32mscript[0m  tabela2.class  tabela2.java  Tabela.class  Tabela.java  teste.txt  testGram  testGram.txt  testMain.class  testMain.java  testTabela2.class  testTabela2.java  typescript
[jgabrantes@laptop lfa-1819-g08]$ cd ..
[jgabrantes@laptop LFA]$ ls
 [0m[01;31mantlr4-bin-v5.2.zip[0m   [01;34mbloco2[0m   bloco2.pdf   [01;31mbloco2.zip[0m   [01;34mguiao-p[0m   [01;34mlfa-1819-g08[0m  [01;34m'Material de suporte ao ANTLR-20190311'[0m  [01;31m'Material de suporte ao ANTLR-20190311.zip'[0m   [01;34ms[0m
[jgabrantes@laptop LFA]$ cd lfa-1819-g08/l[K
[jgabrantes@laptop lfa-1819-g08]$ ls
comandos  [0m[01;34mGramatica[0m  requir.txt  [01;32mscript[0m  tabela2.class  tabela2.java  Tabela.class  Tabela.java  teste.txt  testGram  testGram.txt  testMain.class  testMain.java  testTabela2.class  testTabela2.java  typescript
[jgabrantes@laptop lfa-1819-g08]$ cd Gramatica/
[jgabrantes@laptop Gramatica]$ ./script
bash: ./script: No such file or directory
[jgabrantes@laptop Gramatica]$ .\scr[K[K[K[K[Kls
Output.java                 tableGramBaseVisitor.java  tableGram.interp       tableGramLexer.java    tableGramListener.java  tableGramParser.java  tableGramVisitor.java
tableGramBaseListener.java  tableGram.g4               tableGramLexer.interp  tableGramLexer.tokens  tableGramMain.java      tableGram.tokens      typescript
[jgabrantes@laptop Gramatica]$ cd ..
[jgabrantes@laptop lfa-1819-g08]$ subl script 
[jgabrantes@laptop lfa-1819-g08]$ [K[jgabrantes@laptop lfa-1819-g08]$ [K[jgabrantes@laptop lfa-1819-g08]$ cd ..
[jgabrantes@laptop LFA]$ script[K[K[K[K[K[K./script
bash: ./script: No such file or directory
[jgabrantes@laptop LFA]$ .\[K[K./script[K[K[K[K[K[K[K[Kcd lfa-1819-g08/
[jgabrantes@laptop lfa-1819-g08]$ ls
comandos  [0m[01;34mGramatica[0m  requir.txt  [01;32mscript[0m  tabela2.class  tabela2.java  Tabela.class  Tabela.java  teste.txt  testGram  testGram.txt  testMain.class  testMain.java  testTabela2.class  testTabela2.java  typescript
[jgabrantes@laptop lfa-1819-g08]$ ./script
[H[2J[3JRemoving class files:
Removing ./tableGram.g4 files:
removed './tableGram.tokens'
removed './tableGram.interp'
removed './tableGramLexer.interp'
removed './tableGramBaseListener.java'
removed './tableGramListener.java'
removed './tableGramBaseVisitor.java'
removed './tableGramVisitor.java'
removed './tableGramLexer.tokens'
removed './tableGramLexer.java'
removed './tableGramParser.java'
Creating "tableGramMain.java" for:
   grammar="tableGram"
   rule="main"
   treewalking="Output"
   visitors="Output"
   line-interactive
[jgabrantes@laptop lfa-1819-g08]$ ls
comandos  [0m[01;34mGramatica[0m  requir.txt  [01;32mscript[0m  tabela2.class  tabela2.java  Tabela.class  Tabela.java  teste.txt  testGram  testGram.txt  testMain.class  testMain.java  testTabela2.class  testTabela2.java  typescript
[jgabrantes@laptop lfa-1819-g08]$ cd Gramatica/
[jgabrantes@laptop Gramatica]$ ls
Output.java                 tableGramBaseVisitor.java  tableGram.interp       tableGramLexer.java    tableGramListener.java  tableGramParser.java  tableGramVisitor.java
tableGramBaseListener.java  tableGram.g4               tableGramLexer.interp  tableGramLexer.tokens  tableGramMain.java      tableGram.tokens      typescript
[jgabrantes@laptop Gramatica]$ antlr4 [K[K[K[K[K[K[Kjac[Kvac *.java
tableGramMain.java:16: error: cannot access Output
      Output visitor0 = new Output();
      ^
  bad source file: ./Output.java
    file does not contain class Output
    Please remove or make sure it appears in the correct subdirectory of the sourcepath.
1 error
[jgabrantes@laptop Gramatica]$ [K[jgabrantes@laptop Gramatica]$ [K[jgabrantes@laptop Gramatica]$ 
[jgabrantes@laptop Gramatica]$ ls
 Output.java                              'tableGramParser$AddColumnMethodContext.class'     'tableGramParser$DoubleDeclaringContext.class'  'tableGramParser$NewRowMethodContext.class'        'tableGramParser$StringExprContext.class'
 tableGramBaseListener.class              'tableGramParser$AddRowContext.class'              'tableGramParser$DoubleMathContext.class'       'tableGramParser$NewTableContext.class'            'tableGramParser$StringGetContext.class'
 tableGramBaseListener.java               'tableGramParser$AddRowMethodContext.class'        'tableGramParser$ExportContext.class'           'tableGramParser$NewTableMethodContext.class'      'tableGramParser$StringMathContext.class'
 tableGramBaseVisitor.class               'tableGramParser$AtribuicaoContext.class'          'tableGramParser$ExportMethodContext.class'     'tableGramParser$NonVoidMethodsContext.class'      'tableGramParser$TableDeclaringContext.class'
 tableGramBaseVisitor.java                'tableGramParser$AtrStatContext.class'             'tableGramParser$ExprContext.class'             'tableGramParser$NumExprContext.class'             'tableGramParser$TipoContext.class'
 tableGram.g4                             'tableGramParser$ClearRowContext.class'            'tableGramParser$FicheiroContext.class'         'tableGramParser$NumExpressionContext.class'       'tableGramParser$VoidMethodsContext.class'
 tableGram.interp                         'tableGramParser$ClearRowMethodContext.class'      'tableGramParser$IntDeclaringContext.class'     'tableGramParser$PrintContext.class'                tableGramParser.class
 tableGramLexer.class                     'tableGramParser$CopyTableContext.class'           'tableGramParser$IntMathContext.class'          'tableGramParser$PrintMethodContext.class'          tableGramParser.java
 tableGramLexer.interp                    'tableGramParser$CopyTableMethodContext.class'     'tableGramParser$MainContext.class'             'tableGramParser$ReadTableContext.class'            tableGram.tokens
 tableGramLexer.java                      'tableGramParser$CreateCustomTableContext.class'   'tableGramParser$MathContext.class'             'tableGramParser$RemoveColumnContext.class'         tableGramVisitor.class
 tableGramLexer.tokens                    'tableGramParser$CreateDefaultTableContext.class'  'tableGramParser$MethodContext.class'           'tableGramParser$RemoveColumnMethodContext.class'   tableGramVisitor.java
 tableGramListener.class                  'tableGramParser$DeclaracaoContext.class'          'tableGramParser$MethodStatContext.class'       'tableGramParser$RemoveTableContext.class'          typescript
 tableGramListener.java                   'tableGramParser$DeclareDirectContext.class'       'tableGramParser$NewColumnContext.class'        'tableGramParser$RemoveTableMethodContext.class'
 tableGramMain.java                       'tableGramParser$DeclareNullContext.class'         'tableGramParser$NewColumnMethodContext.class'  'tableGramParser$StatContext.class'
'tableGramParser$AddColumnContext.class'  'tableGramParser$DeclareStatContext.class'         'tableGramParser$NewRowContext.class'           'tableGramParser$StringDeclaringContext.class'
[jgabrantes@laptop Gramatica]$ [K[jgabrantes@laptop Gramatica]$ [K[jgabrantes@laptop Gramatica]$ [K[jgabrantes@laptop Gramatica]$ [K[jgabrantes@laptop Gramatica]$ lsjavac *.java
Output.java:3: error: '{' expected
public class Output(){
                   ^
1 error
[jgabrantes@laptop Gramatica]$ [K[jgabrantes@laptop Gramatica]$ [K[jgabrantes@laptop Gramatica]$ javac *.java
tableGramMain.java:33: error: cannot find symbol
            visitor0.visit(tree);
                    ^
  symbol:   method visit(ParseTree)
  location: variable visitor0 of type Output
1 error
[jgabrantes@laptop Gramatica]$ [K[jgabrantes@laptop Gramatica]$ [K[jgabrantes@laptop Gramatica]$ [K[jgabrantes@laptop Gramatica]$ [K[jgabrantes@laptop Gramatica]$ [K[jgabrantes@laptop Gramatica]$ [K[jgabrantes@laptop Gramatica]$ javac *.java
tableGramMain.java:33: error: cannot find symbol
            visitor0.visit(tree);
                    ^
  symbol:   method visit(ParseTree)
  location: variable visitor0 of type Output
1 error
[jgabrantes@laptop Gramatica]$ [K[jgabrantes@laptop Gramatica]$ [K[jgabrantes@laptop Gramatica]$ javac *.java
tableGramMain.java:1: error: ';' expected
package Gramatica
                 ^
1 error
[jgabrantes@laptop Gramatica]$ [K[jgabrantes@laptop Gramatica]$ [K[jgabrantes@laptop Gramatica]$ javac *.java
tableGramMain.java:13: error: cannot find symbol
      tableGramParser parser = new tableGramParser(null);
      ^
  symbol:   class tableGramParser
  location: class tableGramMain
tableGramMain.java:13: error: cannot find symbol
      tableGramParser parser = new tableGramParser(null);
                                   ^
  symbol:   class tableGramParser
  location: class tableGramMain
tableGramMain.java:17: error: cannot find symbol
      Output visitor0 = new Output();
      ^
  symbol:   class Output
  location: class tableGramMain
tableGramMain.java:17: error: cannot find symbol
      Output visitor0 = new Output();
                            ^
  symbol:   class Output
  location: class tableGramMain
tableGramMain.java:22: error: cannot find symbol
         tableGramLexer lexer = new tableGramLexer(input);
         ^
  symbol:   class tableGramLexer
  location: class tableGramMain
tableGramMain.java:22: error: cannot find symbol
         tableGramLexer lexer = new tableGramLexer(input);
                                    ^
  symbol:   class tableGramLexer
  location: class tableGramMain
6 errors
[jgabrantes@laptop Gramatica]$ [K[jgabrantes@laptop Gramatica]$ [K[jgabrantes@laptop Gramatica]$ ../script
[H[2J[3J../script: line 3: cd: Gramatica/: No such file or directory
Removing class files:
removing ./tableGramParser$StringGetContext.class
removing ./tableGramParser$NewTableMethodContext.class
removing ./tableGramLexer.class
removing ./tableGramParser$TipoContext.class
removing ./tableGramParser$IntDeclaringContext.class
removing ./tableGramListener.class
removing ./tableGramParser$MethodStatContext.class
removing ./tableGramParser$ExportContext.class
removing ./tableGramParser.class
removing ./tableGramParser$RemoveTableContext.class
removing ./tableGramParser$TableDeclaringContext.class
removing ./tableGramParser$RemoveColumnContext.class
removing ./tableGramParser$StatContext.class
removing ./tableGramParser$CopyTableContext.class
removing ./Output.class
removing ./tableGramParser$StringDeclaringContext.class
removing ./tableGramParser$NumExprContext.class
removing ./tableGramParser$DoubleDeclaringContext.class
removing ./tableGramParser$FicheiroContext.class
removing ./tableGramParser$CopyTableMethodContext.class
removing ./tableGramBaseListener.class
removing ./tableGramParser$RemoveTableMethodContext.class
removing ./tableGramParser$NewRowMethodContext.class
removing ./tableGramParser$ClearRowContext.class
removing ./tableGramParser$DeclareDirectContext.class
removing ./tableGramParser$MethodContext.class
removing ./tableGramParser$DeclaracaoContext.class
removing ./tableGramParser$AtrStatContext.class
removing ./tableGramParser$ClearRowMethodContext.class
removing ./tableGramParser$NewColumnContext.class
removing ./tableGramParser$MathContext.class
removing ./tableGramParser$AddRowMethodContext.class
removing ./tableGramParser$ExprContext.class
removing ./tableGramParser$StringMathContext.class
removing ./tableGramParser$NewColumnMethodContext.class
removing ./tableGramParser$NumExpressionContext.class
removing ./tableGramParser$IntMathContext.class
removing ./tableGramParser$NewTableContext.class
removing ./tableGramParser$AddColumnMethodContext.class
removing ./tableGramParser$AtribuicaoContext.class
removing ./tableGramParser$NewRowContext.class
removing ./tableGramParser$NonVoidMethodsContext.class
removing ./tableGramParser$VoidMethodsContext.class
removing ./tableGramParser$PrintMethodContext.class
removing ./tableGramParser$StringExprContext.class
removing ./tableGramParser$ExportMethodContext.class
removing ./tableGramParser$RemoveColumnMethodContext.class
removing ./tableGramParser$MainContext.class
removing ./tableGramParser$DoubleMathContext.class
removing ./tableGramParser$CreateCustomTableContext.class
removing ./tableGramParser$DeclareStatContext.class
removing ./tableGramParser$DeclareNullContext.class
removing ./tableGramParser$AddColumnContext.class
removing ./tableGramParser$PrintContext.class
removing ./tableGramParser$CreateDefaultTableContext.class
removing ./tableGramVisitor.class
removing ./tableGramParser$ReadTableContext.class
removing ./tableGramParser$AddRowContext.class
removing ./tableGramBaseVisitor.class
Removing ./tableGram.g4 files:
removed './tableGram.tokens'
removed './tableGram.interp'
removed './tableGramLexer.interp'
removed './tableGramBaseListener.java'
removed './tableGramListener.java'
removed './tableGramBaseVisitor.java'
removed './tableGramVisitor.java'
removed './tableGramLexer.tokens'
removed './tableGramLexer.java'
removed './tableGramParser.java'
[sudo] password for jgabrantes: 
PIkSorry, try again.
[sudo] password for jgabrantes: 
Sorry, try again.
[sudo] password for jgabrantes: 
Creating "tableGramMain.java" for:
   grammar="tableGram"
   rule="main"
   treewalking="Output"
   visitors="Output"
   line-interactive
[jgabrantes@laptop Gramatica]$ ls
Output.java                 tableGramBaseVisitor.java  tableGram.interp       tableGramLexer.java    tableGramListener.java  tableGramParser.java  tableGramVisitor.java
tableGramBaseListener.java  tableGram.g4               tableGramLexer.interp  tableGramLexer.tokens  tableGramMain.java      tableGram.tokens      typescript
[jgabrantes@laptop Gramatica]$ subl Output.java 
[jgabrantes@laptop Gramatica]$ [K[jgabrantes@laptop Gramatica]$ [K[jgabrantes@laptop Gramatica]$ [K[jgabrantes@laptop Gramatica]$ [K[jgabrantes@laptop Gramatica]$ javac *.java
tableGramMain.java:33: error: cannot find symbol
            visitor0.visit(tree);
                    ^
  symbol:   method visit(ParseTree)
  location: variable visitor0 of type Output
1 error
[jgabrantes@laptop Gramatica]$ [K[jgabrantes@laptop Gramatica]$ [K[jgabrantes@laptop Gramatica]$ [K[jgabrantes@laptop Gramatica]$ [K[jgabrantes@laptop Gramatica]$ [K[jgabrantes@laptop Gramatica]$ [K[jgabrantes@laptop Gramatica]$ [K[jgabrantes@laptop Gramatica]$ [K[jgabrantes@laptop Gramatica]$ javac *.java
tableGramMain.java:13: error: cannot find symbol
      tableGramParser parser = new tableGramParser(null);
      ^
  symbol:   class tableGramParser
  location: class tableGramMain
tableGramMain.java:13: error: cannot find symbol
      tableGramParser parser = new tableGramParser(null);
                                   ^
  symbol:   class tableGramParser
  location: class tableGramMain
tableGramMain.java:17: error: cannot find symbol
      Output visitor0 = new Output();
      ^
  symbol:   class Output
  location: class tableGramMain
tableGramMain.java:17: error: cannot find symbol
      Output visitor0 = new Output();
                            ^
  symbol:   class Output
  location: class tableGramMain
tableGramMain.java:22: error: cannot find symbol
         tableGramLexer lexer = new tableGramLexer(input);
         ^
  symbol:   class tableGramLexer
  location: class tableGramMain
tableGramMain.java:22: error: cannot find symbol
         tableGramLexer lexer = new tableGramLexer(input);
                                    ^
  symbol:   class tableGramLexer
  location: class tableGramMain
6 errors
[jgabrantes@laptop Gramatica]$ [K[jgabrantes@laptop Gramatica]$ [K[jgabrantes@laptop Gramatica]$ [K[jgabrantes@laptop Gramatica]$ [K[jgabrantes@laptop Gramatica]$ [H[2J[jgabrantes@laptop Gramatica]$ javac *.java
./tableGramParser.java:13: error: duplicate class: Gramatica.tableGramParser
public class tableGramParser extends Parser {
       ^
tableGramBaseListener.java:18: error: cannot access tableGramParser
	@Override public void enterMain(tableGramParser.MainContext ctx) { }
	                                ^
  bad source file: ./tableGramParser.java
    file does not contain class tableGramParser
    Please remove or make sure it appears in the correct subdirectory of the sourcepath.
[jgabrantes@laptop Gramatica]$ [K[jgabrantes@laptop Gramatica]$ [K[jgabrantes@laptop Gramatica]$ javac *.java
./tableGramParser.java:13: error: duplicate class: Project.tableGramParser
public class tableGramParser extends Parser {
       ^
tableGramBaseListener.java:18: error: cannot access tableGramParser
	@Override public void enterMain(tableGramParser.MainContext ctx) { }
	                                ^
  bad source file: ./tableGramParser.java
    file does not contain class tableGramParser
    Please remove or make sure it appears in the correct subdirectory of the sourcepath.
[jgabrantes@laptop Gramatica]$ [K[jgabrantes@laptop Gramatica]$ [K[jgabrantes@laptop Gramatica]$ javac *.java
tableGramMain.java:13: error: cannot find symbol
      tableGramParser parser = new tableGramParser(null);
      ^
  symbol:   class tableGramParser
  location: class tableGramMain
tableGramMain.java:13: error: cannot find symbol
      tableGramParser parser = new tableGramParser(null);
                                   ^
  symbol:   class tableGramParser
  location: class tableGramMain
tableGramMain.java:17: error: cannot find symbol
      Output visitor0 = new Output();
      ^
  symbol:   class Output
  location: class tableGramMain
tableGramMain.java:17: error: cannot find symbol
      Output visitor0 = new Output();
                            ^
  symbol:   class Output
  location: class tableGramMain
tableGramMain.java:22: error: cannot find symbol
         tableGramLexer lexer = new tableGramLexer(input);
         ^
  symbol:   class tableGramLexer
  location: class tableGramMain
tableGramMain.java:22: error: cannot find symbol
         tableGramLexer lexer = new tableGramLexer(input);
                                    ^
  symbol:   class tableGramLexer
  location: class tableGramMain
6 errors
[jgabrantes@laptop Gramatica]$ [H[2J[jgabrantes@laptop Gramatica]$ javac *.java
tableGramMain.java:13: error: cannot find symbol
      tableGramParser parser = new tableGramParser(null);
      ^
  symbol:   class tableGramParser
  location: class tableGramMain
tableGramMain.java:13: error: cannot find symbol
      tableGramParser parser = new tableGramParser(null);
                                   ^
  symbol:   class tableGramParser
  location: class tableGramMain
tableGramMain.java:17: error: cannot find symbol
      Output visitor0 = new Output();
      ^
  symbol:   class Output
  location: class tableGramMain
tableGramMain.java:17: error: cannot find symbol
      Output visitor0 = new Output();
                            ^
  symbol:   class Output
  location: class tableGramMain
tableGramMain.java:22: error: cannot find symbol
         tableGramLexer lexer = new tableGramLexer(input);
         ^
  symbol:   class tableGramLexer
  location: class tableGramMain
tableGramMain.java:22: error: cannot find symbol
         tableGramLexer lexer = new tableGramLexer(input);
                                    ^
  symbol:   class tableGramLexer
  location: class tableGramMain
6 errors
[jgabrantes@laptop Gramatica]$ [K[jgabrantes@laptop Gramatica]$ [K[jgabrantes@laptop Gramatica]$ [K[jgabrantes@laptop Gramatica]$ [K[jgabrantes@laptop Gramatica]$ [H[2J[jgabrantes@laptop Gramatica]$ javac *.java
./tableGramListener.java:9: error: duplicate class: Gramatica.tableGramListener
public interface tableGramListener extends ParseTreeListener {
       ^
tableGramBaseListener.java:12: error: cannot access tableGramListener
public class tableGramBaseListener implements tableGramListener {
                                              ^
  bad source file: ./tableGramListener.java
    file does not contain class tableGramListener
    Please remove or make sure it appears in the correct subdirectory of the sourcepath.
[jgabrantes@laptop Gramatica]$ [K[jgabrantes@laptop Gramatica]$ [K[jgabrantes@laptop Gramatica]$ [K[jgabrantes@laptop Gramatica]$ [K[jgabrantes@laptop Gramatica]$ [K[jgabrantes@laptop Gramatica]$ [K[jgabrantes@laptop Gramatica]$ [H[2J[jgabrantes@laptop Gramatica]$ javac *.java
tableGramBaseListener.java:18: error: package tableGramParser does not exist
	@Override public void enterMain(tableGramParser.MainContext ctx) { }
	                                               ^
tableGramBaseListener.java:24: error: package tableGramParser does not exist
	@Override public void exitMain(tableGramParser.MainContext ctx) { }
	                                              ^
tableGramBaseListener.java:30: error: package tableGramParser does not exist
	@Override public void enterDeclareStat(tableGramParser.DeclareStatContext ctx) { }
	                                                      ^
tableGramBaseListener.java:36: error: package tableGramParser does not exist
	@Override public void exitDeclareStat(tableGramParser.DeclareStatContext ctx) { }
	                                                     ^
tableGramBaseListener.java:42: error: package tableGramParser does not exist
	@Override public void enterAtrStat(tableGramParser.AtrStatContext ctx) { }
	                                                  ^
tableGramBaseListener.java:48: error: package tableGramParser does not exist
	@Override public void exitAtrStat(tableGramParser.AtrStatContext ctx) { }
	                                                 ^
tableGramBaseListener.java:54: error: package tableGramParser does not exist
	@Override public void enterMethodStat(tableGramParser.MethodStatContext ctx) { }
	                                                     ^
tableGramBaseListener.java:60: error: package tableGramParser does not exist
	@Override public void exitMethodStat(tableGramParser.MethodStatContext ctx) { }
	                                                    ^
tableGramBaseListener.java:66: error: package tableGramParser does not exist
	@Override public void enterDeclareNull(tableGramParser.DeclareNullContext ctx) { }
	                                                      ^
tableGramBaseListener.java:72: error: package tableGramParser does not exist
	@Override public void exitDeclareNull(tableGramParser.DeclareNullContext ctx) { }
	                                                     ^
tableGramBaseListener.java:78: error: package tableGramParser does not exist
	@Override public void enterDeclareDirect(tableGramParser.DeclareDirectContext ctx) { }
	                                                        ^
tableGramBaseListener.java:84: error: package tableGramParser does not exist
	@Override public void exitDeclareDirect(tableGramParser.DeclareDirectContext ctx) { }
	                                                       ^
tableGramBaseListener.java:90: error: package tableGramParser does not exist
	@Override public void enterStringDeclaring(tableGramParser.StringDeclaringContext ctx) { }
	                                                          ^
tableGramBaseListener.java:96: error: package tableGramParser does not exist
	@Override public void exitStringDeclaring(tableGramParser.StringDeclaringContext ctx) { }
	                                                         ^
tableGramBaseListener.java:102: error: package tableGramParser does not exist
	@Override public void enterIntDeclaring(tableGramParser.IntDeclaringContext ctx) { }
	                                                       ^
tableGramBaseListener.java:108: error: package tableGramParser does not exist
	@Override public void exitIntDeclaring(tableGramParser.IntDeclaringContext ctx) { }
	                                                      ^
tableGramBaseListener.java:114: error: package tableGramParser does not exist
	@Override public void enterDoubleDeclaring(tableGramParser.DoubleDeclaringContext ctx) { }
	                                                          ^
tableGramBaseListener.java:120: error: package tableGramParser does not exist
	@Override public void exitDoubleDeclaring(tableGramParser.DoubleDeclaringContext ctx) { }
	                                                         ^
tableGramBaseListener.java:126: error: package tableGramParser does not exist
	@Override public void enterTableDeclaring(tableGramParser.TableDeclaringContext ctx) { }
	                                                         ^
tableGramBaseListener.java:132: error: package tableGramParser does not exist
	@Override public void exitTableDeclaring(tableGramParser.TableDeclaringContext ctx) { }
	                                                        ^
tableGramBaseListener.java:138: error: package tableGramParser does not exist
	@Override public void enterAtribuicao(tableGramParser.AtribuicaoContext ctx) { }
	                                                     ^
tableGramBaseListener.java:144: error: package tableGramParser does not exist
	@Override public void exitAtribuicao(tableGramParser.AtribuicaoContext ctx) { }
	                                                    ^
tableGramBaseListener.java:150: error: package tableGramParser does not exist
	@Override public void enterMethod(tableGramParser.MethodContext ctx) { }
	                                                 ^
tableGramBaseListener.java:156: error: package tableGramParser does not exist
	@Override public void exitMethod(tableGramParser.MethodContext ctx) { }
	                                                ^
tableGramBaseListener.java:162: error: package tableGramParser does not exist
	@Override public void enterNumExpression(tableGramParser.NumExpressionContext ctx) { }
	                                                        ^
tableGramBaseListener.java:168: error: package tableGramParser does not exist
	@Override public void exitNumExpression(tableGramParser.NumExpressionContext ctx) { }
	                                                       ^
tableGramBaseListener.java:174: error: package tableGramParser does not exist
	@Override public void enterStringGet(tableGramParser.StringGetContext ctx) { }
	                                                    ^
tableGramBaseListener.java:180: error: package tableGramParser does not exist
	@Override public void exitStringGet(tableGramParser.StringGetContext ctx) { }
	                                                   ^
tableGramBaseListener.java:186: error: package tableGramParser does not exist
	@Override public void enterStringMath(tableGramParser.StringMathContext ctx) { }
	                                                     ^
tableGramBaseListener.java:192: error: package tableGramParser does not exist
	@Override public void exitStringMath(tableGramParser.StringMathContext ctx) { }
	                                                    ^
tableGramBaseListener.java:198: error: package tableGramParser does not exist
	@Override public void enterMath(tableGramParser.MathContext ctx) { }
	                                               ^
tableGramBaseListener.java:204: error: package tableGramParser does not exist
	@Override public void exitMath(tableGramParser.MathContext ctx) { }
	                                              ^
tableGramBaseListener.java:210: error: package tableGramParser does not exist
	@Override public void enterIntMath(tableGramParser.IntMathContext ctx) { }
	                                                  ^
tableGramBaseListener.java:216: error: package tableGramParser does not exist
	@Override public void exitIntMath(tableGramParser.IntMathContext ctx) { }
	                                                 ^
tableGramBaseListener.java:222: error: package tableGramParser does not exist
	@Override public void enterDoubleMath(tableGramParser.DoubleMathContext ctx) { }
	                                                     ^
tableGramBaseListener.java:228: error: package tableGramParser does not exist
	@Override public void exitDoubleMath(tableGramParser.DoubleMathContext ctx) { }
	                                                    ^
tableGramBaseListener.java:234: error: package tableGramParser does not exist
	@Override public void enterStringExpr(tableGramParser.StringExprContext ctx) { }
	                                                     ^
tableGramBaseListener.java:240: error: package tableGramParser does not exist
	@Override public void exitStringExpr(tableGramParser.StringExprContext ctx) { }
	                                                    ^
tableGramBaseListener.java:246: error: package tableGramParser does not exist
	@Override public void enterNewTableMethod(tableGramParser.NewTableMethodContext ctx) { }
	                                                         ^
tableGramBaseListener.java:252: error: package tableGramParser does not exist
	@Override public void exitNewTableMethod(tableGramParser.NewTableMethodContext ctx) { }
	                                                        ^
tableGramBaseListener.java:258: error: package tableGramParser does not exist
	@Override public void enterCopyTableMethod(tableGramParser.CopyTableMethodContext ctx) { }
	                                                          ^
tableGramBaseListener.java:264: error: package tableGramParser does not exist
	@Override public void exitCopyTableMethod(tableGramParser.CopyTableMethodContext ctx) { }
	                                                         ^
tableGramBaseListener.java:270: error: package tableGramParser does not exist
	@Override public void enterRemoveTableMethod(tableGramParser.RemoveTableMethodContext ctx) { }
	                                                            ^
tableGramBaseListener.java:276: error: package tableGramParser does not exist
	@Override public void exitRemoveTableMethod(tableGramParser.RemoveTableMethodContext ctx) { }
	                                                           ^
tableGramBaseListener.java:282: error: package tableGramParser does not exist
	@Override public void enterAddRowMethod(tableGramParser.AddRowMethodContext ctx) { }
	                                                       ^
tableGramBaseListener.java:288: error: package tableGramParser does not exist
	@Override public void exitAddRowMethod(tableGramParser.AddRowMethodContext ctx) { }
	                                                      ^
tableGramBaseListener.java:294: error: package tableGramParser does not exist
	@Override public void enterNewRowMethod(tableGramParser.NewRowMethodContext ctx) { }
	                                                       ^
tableGramBaseListener.java:300: error: package tableGramParser does not exist
	@Override public void exitNewRowMethod(tableGramParser.NewRowMethodContext ctx) { }
	                                                      ^
tableGramBaseListener.java:306: error: package tableGramParser does not exist
	@Override public void enterClearRowMethod(tableGramParser.ClearRowMethodContext ctx) { }
	                                                         ^
tableGramBaseListener.java:312: error: package tableGramParser does not exist
	@Override public void exitClearRowMethod(tableGramParser.ClearRowMethodContext ctx) { }
	                                                        ^
tableGramBaseListener.java:318: error: package tableGramParser does not exist
	@Override public void enterAddColumnMethod(tableGramParser.AddColumnMethodContext ctx) { }
	                                                          ^
tableGramBaseListener.java:324: error: package tableGramParser does not exist
	@Override public void exitAddColumnMethod(tableGramParser.AddColumnMethodContext ctx) { }
	                                                         ^
tableGramBaseListener.java:330: error: package tableGramParser does not exist
	@Override public void enterNewColumnMethod(tableGramParser.NewColumnMethodContext ctx) { }
	                                                          ^
tableGramBaseListener.java:336: error: package tableGramParser does not exist
	@Override public void exitNewColumnMethod(tableGramParser.NewColumnMethodContext ctx) { }
	                                                         ^
tableGramBaseListener.java:342: error: package tableGramParser does not exist
	@Override public void enterRemoveColumnMethod(tableGramParser.RemoveColumnMethodContext ctx) { }
	                                                             ^
tableGramBaseListener.java:348: error: package tableGramParser does not exist
	@Override public void exitRemoveColumnMethod(tableGramParser.RemoveColumnMethodContext ctx) { }
	                                                            ^
tableGramBaseListener.java:354: error: package tableGramParser does not exist
	@Override public void enterPrintMethod(tableGramParser.PrintMethodContext ctx) { }
	                                                      ^
tableGramBaseListener.java:360: error: package tableGramParser does not exist
	@Override public void exitPrintMethod(tableGramParser.PrintMethodContext ctx) { }
	                                                     ^
tableGramBaseListener.java:366: error: package tableGramParser does not exist
	@Override public void enterExportMethod(tableGramParser.ExportMethodContext ctx) { }
	                                                       ^
tableGramBaseListener.java:372: error: package tableGramParser does not exist
	@Override public void exitExportMethod(tableGramParser.ExportMethodContext ctx) { }
	                                                      ^
tableGramBaseListener.java:378: error: package tableGramParser does not exist
	@Override public void enterCreateDefaultTable(tableGramParser.CreateDefaultTableContext ctx) { }
	                                                             ^
tableGramBaseListener.java:384: error: package tableGramParser does not exist
	@Override public void exitCreateDefaultTable(tableGramParser.CreateDefaultTableContext ctx) { }
	                                                            ^
tableGramBaseListener.java:390: error: package tableGramParser does not exist
	@Override public void enterCreateCustomTable(tableGramParser.CreateCustomTableContext ctx) { }
	                                                            ^
tableGramBaseListener.java:396: error: package tableGramParser does not exist
	@Override public void exitCreateCustomTable(tableGramParser.CreateCustomTableContext ctx) { }
	                                                           ^
tableGramBaseListener.java:402: error: package tableGramParser does not exist
	@Override public void enterCopyTable(tableGramParser.CopyTableContext ctx) { }
	                                                    ^
tableGramBaseListener.java:408: error: package tableGramParser does not exist
	@Override public void exitCopyTable(tableGramParser.CopyTableContext ctx) { }
	                                                   ^
tableGramBaseListener.java:414: error: package tableGramParser does not exist
	@Override public void enterReadTable(tableGramParser.ReadTableContext ctx) { }
	                                                    ^
tableGramBaseListener.java:420: error: package tableGramParser does not exist
	@Override public void exitReadTable(tableGramParser.ReadTableContext ctx) { }
	                                                   ^
tableGramBaseListener.java:426: error: package tableGramParser does not exist
	@Override public void enterRemoveTable(tableGramParser.RemoveTableContext ctx) { }
	                                                      ^
tableGramBaseListener.java:432: error: package tableGramParser does not exist
	@Override public void exitRemoveTable(tableGramParser.RemoveTableContext ctx) { }
	                                                     ^
tableGramBaseListener.java:438: error: package tableGramParser does not exist
	@Override public void enterAddRow(tableGramParser.AddRowContext ctx) { }
	                                                 ^
tableGramBaseListener.java:444: error: package tableGramParser does not exist
	@Override public void exitAddRow(tableGramParser.AddRowContext ctx) { }
	                                                ^
tableGramBaseListener.java:450: error: package tableGramParser does not exist
	@Override public void enterNewRow(tableGramParser.NewRowContext ctx) { }
	                                                 ^
tableGramBaseListener.java:456: error: package tableGramParser does not exist
	@Override public void exitNewRow(tableGramParser.NewRowContext ctx) { }
	                                                ^
tableGramBaseListener.java:462: error: package tableGramParser does not exist
	@Override public void enterClearRow(tableGramParser.ClearRowContext ctx) { }
	                                                   ^
tableGramBaseListener.java:468: error: package tableGramParser does not exist
	@Override public void exitClearRow(tableGramParser.ClearRowContext ctx) { }
	                                                  ^
tableGramBaseListener.java:474: error: package tableGramParser does not exist
	@Override public void enterAddColumn(tableGramParser.AddColumnContext ctx) { }
	                                                    ^
tableGramBaseListener.java:480: error: package tableGramParser does not exist
	@Override public void exitAddColumn(tableGramParser.AddColumnContext ctx) { }
	                                                   ^
tableGramBaseListener.java:486: error: package tableGramParser does not exist
	@Override public void enterNewColumn(tableGramParser.NewColumnContext ctx) { }
	                                                    ^
tableGramBaseListener.java:492: error: package tableGramParser does not exist
	@Override public void exitNewColumn(tableGramParser.NewColumnContext ctx) { }
	                                                   ^
tableGramBaseListener.java:498: error: package tableGramParser does not exist
	@Override public void enterRemoveColumn(tableGramParser.RemoveColumnContext ctx) { }
	                                                       ^
tableGramBaseListener.java:504: error: package tableGramParser does not exist
	@Override public void exitRemoveColumn(tableGramParser.RemoveColumnContext ctx) { }
	                                                      ^
tableGramBaseListener.java:510: error: package tableGramParser does not exist
	@Override public void enterExport(tableGramParser.ExportContext ctx) { }
	                                                 ^
tableGramBaseListener.java:516: error: package tableGramParser does not exist
	@Override public void exitExport(tableGramParser.ExportContext ctx) { }
	                                                ^
tableGramBaseListener.java:522: error: package tableGramParser does not exist
	@Override public void enterPrint(tableGramParser.PrintContext ctx) { }
	                                                ^
tableGramBaseListener.java:528: error: package tableGramParser does not exist
	@Override public void exitPrint(tableGramParser.PrintContext ctx) { }
	                                               ^
tableGramBaseListener.java:534: error: package tableGramParser does not exist
	@Override public void enterFicheiro(tableGramParser.FicheiroContext ctx) { }
	                                                   ^
tableGramBaseListener.java:540: error: package tableGramParser does not exist
	@Override public void exitFicheiro(tableGramParser.FicheiroContext ctx) { }
	                                                  ^
tableGramListener.java:15: error: package tableGramParser does not exist
	void enterMain(tableGramParser.MainContext ctx);
	                              ^
tableGramListener.java:20: error: package tableGramParser does not exist
	void exitMain(tableGramParser.MainContext ctx);
	                             ^
tableGramListener.java:26: error: package tableGramParser does not exist
	void enterDeclareStat(tableGramParser.DeclareStatContext ctx);
	                                     ^
tableGramListener.java:32: error: package tableGramParser does not exist
	void exitDeclareStat(tableGramParser.DeclareStatContext ctx);
	                                    ^
tableGramListener.java:38: error: package tableGramParser does not exist
	void enterAtrStat(tableGramParser.AtrStatContext ctx);
	                                 ^
tableGramListener.java:44: error: package tableGramParser does not exist
	void exitAtrStat(tableGramParser.AtrStatContext ctx);
	                                ^
tableGramListener.java:50: error: package tableGramParser does not exist
	void enterMethodStat(tableGramParser.MethodStatContext ctx);
	                                    ^
tableGramListener.java:56: error: package tableGramParser does not exist
	void exitMethodStat(tableGramParser.MethodStatContext ctx);
	                                   ^
tableGramListener.java:62: error: package tableGramParser does not exist
	void enterDeclareNull(tableGramParser.DeclareNullContext ctx);
	                                     ^
tableGramListener.java:68: error: package tableGramParser does not exist
	void exitDeclareNull(tableGramParser.DeclareNullContext ctx);
	                                    ^
tableGramListener.java:74: error: package tableGramParser does not exist
	void enterDeclareDirect(tableGramParser.DeclareDirectContext ctx);
	                                       ^
tableGramListener.java:80: error: package tableGramParser does not exist
	void exitDeclareDirect(tableGramParser.DeclareDirectContext ctx);
	                                      ^
100 errors
[jgabrantes@laptop Gramatica]$ sc[K[K../script
[H[2J[3J../script: line 3: cd: Gramatica/: No such file or directory
Removing class files:
removing ./tableGramParser$StringGetContext.class
removing ./tableGramParser$NewTableMethodContext.class
removing ./tableGramLexer.class
removing ./tableGramParser$TipoContext.class
removing ./tableGramParser$IntDeclaringContext.class
removing ./tableGramListener.class
removing ./tableGramParser$MethodStatContext.class
removing ./tableGramParser$ExportContext.class
removing ./tableGramParser.class
removing ./tableGramParser$RemoveTableContext.class
removing ./tableGramParser$TableDeclaringContext.class
removing ./tableGramParser$RemoveColumnContext.class
removing ./tableGramParser$StatContext.class
removing ./tableGramParser$CopyTableContext.class
removing ./Output.class
removing ./tableGramParser$StringDeclaringContext.class
removing ./tableGramParser$NumExprContext.class
removing ./tableGramParser$DoubleDeclaringContext.class
removing ./tableGramParser$FicheiroContext.class
removing ./tableGramParser$CopyTableMethodContext.class
removing ./tableGramBaseListener.class
removing ./tableGramParser$RemoveTableMethodContext.class
removing ./tableGramParser$NewRowMethodContext.class
removing ./tableGramParser$ClearRowContext.class
removing ./tableGramParser$DeclareDirectContext.class
removing ./tableGramParser$MethodContext.class
removing ./tableGramParser$DeclaracaoContext.class
removing ./tableGramParser$AtrStatContext.class
removing ./tableGramParser$ClearRowMethodContext.class
removing ./tableGramParser$NewColumnContext.class
removing ./tableGramParser$MathContext.class
removing ./tableGramParser$AddRowMethodContext.class
removing ./tableGramParser$ExprContext.class
removing ./tableGramParser$StringMathContext.class
removing ./tableGramParser$NewColumnMethodContext.class
removing ./tableGramParser$NumExpressionContext.class
removing ./tableGramParser$IntMathContext.class
removing ./tableGramParser$NewTableContext.class
removing ./tableGramParser$AddColumnMethodContext.class
removing ./tableGramParser$AtribuicaoContext.class
removing ./tableGramParser$NewRowContext.class
removing ./tableGramParser$NonVoidMethodsContext.class
removing ./tableGramParser$VoidMethodsContext.class
removing ./tableGramParser$PrintMethodContext.class
removing ./tableGramParser$StringExprContext.class
removing ./tableGramParser$ExportMethodContext.class
removing ./tableGramParser$RemoveColumnMethodContext.class
removing ./tableGramParser$MainContext.class
removing ./tableGramParser$DoubleMathContext.class
removing ./tableGramParser$CreateCustomTableContext.class
removing ./tableGramParser$DeclareStatContext.class
removing ./tableGramParser$DeclareNullContext.class
removing ./tableGramParser$AddColumnContext.class
removing ./tableGramParser$PrintContext.class
removing ./tableGramParser$CreateDefaultTableContext.class
removing ./tableGramVisitor.class
removing ./tableGramParser$ReadTableContext.class
removing ./tableGramParser$AddRowContext.class
removing ./tableGramBaseVisitor.class
Removing ./tableGram.g4 files:
removed './tableGram.tokens'
removed './tableGram.interp'
removed './tableGramLexer.interp'
removed './tableGramBaseListener.java'
removed './tableGramListener.java'
removed './tableGramBaseVisitor.java'
removed './tableGramVisitor.java'
removed './tableGramLexer.tokens'
removed './tableGramLexer.java'
removed './tableGramParser.java'
[sudo] password for jgabrantes: 
Sorry, try again.
[sudo] password for jgabrantes: 
Creating "tableGramMain.java" for:
   grammar="tableGram"
   rule="main"
   treewalking="Output"
   visitors="Output"
   line-interactive
[jgabrantes@laptop Gramatica]$ ld
ld: no input files
[jgabrantes@laptop Gramatica]$ ls
Output.java                 tableGramBaseVisitor.java  tableGram.interp       tableGramLexer.java    tableGramListener.java  tableGramParser.java  tableGramVisitor.java
tableGramBaseListener.java  tableGram.g4               tableGramLexer.interp  tableGramLexer.tokens  tableGramMain.java      tableGram.tokens      typescript
[jgabrantes@laptop Gramatica]$ t[K[K[jgabrantes@laptop Gramatica]$ [K[jgabrantes@laptop Gramatica]$ lsd../scriptjavac *.java[K[jgabrantes@laptop Gramatica]$ javac *.java[K[jgabrantes@laptop Gramatica]$ javac *.javasubl Output.java [H[2J[jgabrantes@laptop Gramatica]$ subl Output.java [5Pjavac *.java
tableGramMain.java:34: error: cannot find symbol
            visitor0.visit(tree);
                    ^
  symbol:   method visit(ParseTree)
  location: variable visitor0 of type Output
1 error
[jgabrantes@laptop Gramatica]$ ls[K[jgabrantes@laptop Gramatica]$ ls[K[jgabrantes@laptop Gramatica]$ lsjavac *.java
Output.java:11: error: cannot find symbol
	@Override public T visitMain(tableGramParser.MainContext ctx) { return visitChildren(ctx); }
	                 ^
  symbol:   class T
  location: class Output
Output.java:18: error: cannot find symbol
	@Override public T visitDeclareStat(tableGramParser.DeclareStatContext ctx) { return visitChildren(ctx); }
	                 ^
  symbol:   class T
  location: class Output
Output.java:25: error: cannot find symbol
	@Override public T visitAtrStat(tableGramParser.AtrStatContext ctx) { return visitChildren(ctx); }
	                 ^
  symbol:   class T
  location: class Output
Output.java:32: error: cannot find symbol
	@Override public T visitMethodStat(tableGramParser.MethodStatContext ctx) { return visitChildren(ctx); }
	                 ^
  symbol:   class T
  location: class Output
Output.java:39: error: cannot find symbol
	@Override public T visitDeclareNull(tableGramParser.DeclareNullContext ctx) { return visitChildren(ctx); }
	                 ^
  symbol:   class T
  location: class Output
Output.java:46: error: cannot find symbol
	@Override public T visitDeclareDirect(tableGramParser.DeclareDirectContext ctx) { return visitChildren(ctx); }
	                 ^
  symbol:   class T
  location: class Output
Output.java:53: error: cannot find symbol
	@Override public T visitStringDeclaring(tableGramParser.StringDeclaringContext ctx) { return visitChildren(ctx); }
	                 ^
  symbol:   class T
  location: class Output
Output.java:60: error: cannot find symbol
	@Override public T visitIntDeclaring(tableGramParser.IntDeclaringContext ctx) { return visitChildren(ctx); }
	                 ^
  symbol:   class T
  location: class Output
Output.java:67: error: cannot find symbol
	@Override public T visitDoubleDeclaring(tableGramParser.DoubleDeclaringContext ctx) { return visitChildren(ctx); }
	                 ^
  symbol:   class T
  location: class Output
Output.java:74: error: cannot find symbol
	@Override public T visitTableDeclaring(tableGramParser.TableDeclaringContext ctx) { return visitChildren(ctx); }
	                 ^
  symbol:   class T
  location: class Output
Output.java:81: error: cannot find symbol
	@Override public T visitAtribuicao(tableGramParser.AtribuicaoContext ctx) { return visitChildren(ctx); }
	                 ^
  symbol:   class T
  location: class Output
Output.java:88: error: cannot find symbol
	@Override public T visitMethod(tableGramParser.MethodContext ctx) { return visitChildren(ctx); }
	                 ^
  symbol:   class T
  location: class Output
Output.java:95: error: cannot find symbol
	@Override public T visitNumExpression(tableGramParser.NumExpressionContext ctx) { return visitChildren(ctx); }
	                 ^
  symbol:   class T
  location: class Output
Output.java:102: error: cannot find symbol
	@Override public T visitStringGet(tableGramParser.StringGetContext ctx) { return visitChildren(ctx); }
	                 ^
  symbol:   class T
  location: class Output
Output.java:109: error: cannot find symbol
	@Override public T visitStringMath(tableGramParser.StringMathContext ctx) { return visitChildren(ctx); }
	                 ^
  symbol:   class T
  location: class Output
Output.java:116: error: cannot find symbol
	@Override public T visitMath(tableGramParser.MathContext ctx) { return visitChildren(ctx); }
	                 ^
  symbol:   class T
  location: class Output
Output.java:123: error: cannot find symbol
	@Override public T visitIntMath(tableGramParser.IntMathContext ctx) { return visitChildren(ctx); }
	                 ^
  symbol:   class T
  location: class Output
Output.java:130: error: cannot find symbol
	@Override public T visitDoubleMath(tableGramParser.DoubleMathContext ctx) { return visitChildren(ctx); }
	                 ^
  symbol:   class T
  location: class Output
Output.java:137: error: cannot find symbol
	@Override public T visitStringExpr(tableGramParser.StringExprContext ctx) { return visitChildren(ctx); }
	                 ^
  symbol:   class T
  location: class Output
Output.java:144: error: cannot find symbol
	@Override public T visitNewTableMethod(tableGramParser.NewTableMethodContext ctx) { return visitChildren(ctx); }
	                 ^
  symbol:   class T
  location: class Output
Output.java:151: error: cannot find symbol
	@Override public T visitCopyTableMethod(tableGramParser.CopyTableMethodContext ctx) { return visitChildren(ctx); }
	                 ^
  symbol:   class T
  location: class Output
Output.java:158: error: cannot find symbol
	@Override public T visitRemoveTableMethod(tableGramParser.RemoveTableMethodContext ctx) { return visitChildren(ctx); }
	                 ^
  symbol:   class T
  location: class Output
Output.java:165: error: cannot find symbol
	@Override public T visitAddRowMethod(tableGramParser.AddRowMethodContext ctx) { return visitChildren(ctx); }
	                 ^
  symbol:   class T
  location: class Output
Output.java:172: error: cannot find symbol
	@Override public T visitNewRowMethod(tableGramParser.NewRowMethodContext ctx) { return visitChildren(ctx); }
	                 ^
  symbol:   class T
  location: class Output
Output.java:179: error: cannot find symbol
	@Override public T visitClearRowMethod(tableGramParser.ClearRowMethodContext ctx) { return visitChildren(ctx); }
	                 ^
  symbol:   class T
  location: class Output
Output.java:186: error: cannot find symbol
	@Override public T visitAddColumnMethod(tableGramParser.AddColumnMethodContext ctx) { return visitChildren(ctx); }
	                 ^
  symbol:   class T
  location: class Output
Output.java:193: error: cannot find symbol
	@Override public T visitNewColumnMethod(tableGramParser.NewColumnMethodContext ctx) { return visitChildren(ctx); }
	                 ^
  symbol:   class T
  location: class Output
Output.java:200: error: cannot find symbol
	@Override public T visitRemoveColumnMethod(tableGramParser.RemoveColumnMethodContext ctx) { return visitChildren(ctx); }
	                 ^
  symbol:   class T
  location: class Output
Output.java:207: error: cannot find symbol
	@Override public T visitPrintMethod(tableGramParser.PrintMethodContext ctx) { return visitChildren(ctx); }
	                 ^
  symbol:   class T
  location: class Output
Output.java:214: error: cannot find symbol
	@Override public T visitExportMethod(tableGramParser.ExportMethodContext ctx) { return visitChildren(ctx); }
	                 ^
  symbol:   class T
  location: class Output
Output.java:221: error: cannot find symbol
	@Override public T visitCreateDefaultTable(tableGramParser.CreateDefaultTableContext ctx) { return visitChildren(ctx); }
	                 ^
  symbol:   class T
  location: class Output
Output.java:228: error: cannot find symbol
	@Override public T visitCreateCustomTable(tableGramParser.CreateCustomTableContext ctx) { return visitChildren(ctx); }
	                 ^
  symbol:   class T
  location: class Output
Output.java:235: error: cannot find symbol
	@Override public T visitCopyTable(tableGramParser.CopyTableContext ctx) { return visitChildren(ctx); }
	                 ^
  symbol:   class T
  location: class Output
Output.java:242: error: cannot find symbol
	@Override public T visitReadTable(tableGramParser.ReadTableContext ctx) { return visitChildren(ctx); }
	                 ^
  symbol:   class T
  location: class Output
Output.java:249: error: cannot find symbol
	@Override public T visitRemoveTable(tableGramParser.RemoveTableContext ctx) { return visitChildren(ctx); }
	                 ^
  symbol:   class T
  location: class Output
Output.java:256: error: cannot find symbol
	@Override public T visitAddRow(tableGramParser.AddRowContext ctx) { return visitChildren(ctx); }
	                 ^
  symbol:   class T
  location: class Output
Output.java:263: error: cannot find symbol
	@Override public T visitNewRow(tableGramParser.NewRowContext ctx) { return visitChildren(ctx); }
	                 ^
  symbol:   class T
  location: class Output
Output.java:270: error: cannot find symbol
	@Override public T visitClearRow(tableGramParser.ClearRowContext ctx) { return visitChildren(ctx); }
	                 ^
  symbol:   class T
  location: class Output
Output.java:277: error: cannot find symbol
	@Override public T visitAddColumn(tableGramParser.AddColumnContext ctx) { return visitChildren(ctx); }
	                 ^
  symbol:   class T
  location: class Output
Output.java:284: error: cannot find symbol
	@Override public T visitNewColumn(tableGramParser.NewColumnContext ctx) { return visitChildren(ctx); }
	                 ^
  symbol:   class T
  location: class Output
Output.java:291: error: cannot find symbol
	@Override public T visitRemoveColumn(tableGramParser.RemoveColumnContext ctx) { return visitChildren(ctx); }
	                 ^
  symbol:   class T
  location: class Output
Output.java:298: error: cannot find symbol
	@Override public T visitExport(tableGramParser.ExportContext ctx) { return visitChildren(ctx); }
	                 ^
  symbol:   class T
  location: class Output
Output.java:305: error: cannot find symbol
	@Override public T visitPrint(tableGramParser.PrintContext ctx) { return visitChildren(ctx); }
	                 ^
  symbol:   class T
  location: class Output
Output.java:312: error: cannot find symbol
	@Override public T visitFicheiro(tableGramParser.FicheiroContext ctx) { return visitChildren(ctx); }
	                 ^
  symbol:   class T
  location: class Output
44 errors
[jgabrantes@laptop Gramatica]$ [K[jgabrantes@laptop Gramatica]$ [K[jgabrantes@laptop Gramatica]$ [H[2J[jgabrantes@laptop Gramatica]$ javac *.java
Output.java:11: error: cannot find symbol
	@Override public T visitMain(tableGramParser.MainContext ctx) { return visitChildren(ctx); }
	                 ^
  symbol:   class T
  location: class Output
Output.java:18: error: cannot find symbol
	@Override public T visitDeclareStat(tableGramParser.DeclareStatContext ctx) { return visitChildren(ctx); }
	                 ^
  symbol:   class T
  location: class Output
Output.java:25: error: cannot find symbol
	@Override public T visitAtrStat(tableGramParser.AtrStatContext ctx) { return visitChildren(ctx); }
	                 ^
  symbol:   class T
  location: class Output
Output.java:32: error: cannot find symbol
	@Override public T visitMethodStat(tableGramParser.MethodStatContext ctx) { return visitChildren(ctx); }
	                 ^
  symbol:   class T
  location: class Output
Output.java:39: error: cannot find symbol
	@Override public T visitDeclareNull(tableGramParser.DeclareNullContext ctx) { return visitChildren(ctx); }
	                 ^
  symbol:   class T
  location: class Output
Output.java:46: error: cannot find symbol
	@Override public T visitDeclareDirect(tableGramParser.DeclareDirectContext ctx) { return visitChildren(ctx); }
	                 ^
  symbol:   class T
  location: class Output
Output.java:53: error: cannot find symbol
	@Override public T visitStringDeclaring(tableGramParser.StringDeclaringContext ctx) { return visitChildren(ctx); }
	                 ^
  symbol:   class T
  location: class Output
Output.java:60: error: cannot find symbol
	@Override public T visitIntDeclaring(tableGramParser.IntDeclaringContext ctx) { return visitChildren(ctx); }
	                 ^
  symbol:   class T
  location: class Output
Output.java:67: error: cannot find symbol
	@Override public T visitDoubleDeclaring(tableGramParser.DoubleDeclaringContext ctx) { return visitChildren(ctx); }
	                 ^
  symbol:   class T
  location: class Output
Output.java:74: error: cannot find symbol
	@Override public T visitTableDeclaring(tableGramParser.TableDeclaringContext ctx) { return visitChildren(ctx); }
	                 ^
  symbol:   class T
  location: class Output
Output.java:81: error: cannot find symbol
	@Override public T visitAtribuicao(tableGramParser.AtribuicaoContext ctx) { return visitChildren(ctx); }
	                 ^
  symbol:   class T
  location: class Output
Output.java:88: error: cannot find symbol
	@Override public T visitMethod(tableGramParser.MethodContext ctx) { return visitChildren(ctx); }
	                 ^
  symbol:   class T
  location: class Output
Output.java:95: error: cannot find symbol
	@Override public T visitNumExpression(tableGramParser.NumExpressionContext ctx) { return visitChildren(ctx); }
	                 ^
  symbol:   class T
  location: class Output
Output.java:102: error: cannot find symbol
	@Override public T visitStringGet(tableGramParser.StringGetContext ctx) { return visitChildren(ctx); }
	                 ^
  symbol:   class T
  location: class Output
Output.java:109: error: cannot find symbol
	@Override public T visitStringMath(tableGramParser.StringMathContext ctx) { return visitChildren(ctx); }
	                 ^
  symbol:   class T
  location: class Output
Output.java:116: error: cannot find symbol
	@Override public T visitMath(tableGramParser.MathContext ctx) { return visitChildren(ctx); }
	                 ^
  symbol:   class T
  location: class Output
Output.java:123: error: cannot find symbol
	@Override public T visitIntMath(tableGramParser.IntMathContext ctx) { return visitChildren(ctx); }
	                 ^
  symbol:   class T
  location: class Output
Output.java:130: error: cannot find symbol
	@Override public T visitDoubleMath(tableGramParser.DoubleMathContext ctx) { return visitChildren(ctx); }
	                 ^
  symbol:   class T
  location: class Output
Output.java:137: error: cannot find symbol
	@Override public T visitStringExpr(tableGramParser.StringExprContext ctx) { return visitChildren(ctx); }
	                 ^
  symbol:   class T
  location: class Output
Output.java:144: error: cannot find symbol
	@Override public T visitNewTableMethod(tableGramParser.NewTableMethodContext ctx) { return visitChildren(ctx); }
	                 ^
  symbol:   class T
  location: class Output
Output.java:151: error: cannot find symbol
	@Override public T visitCopyTableMethod(tableGramParser.CopyTableMethodContext ctx) { return visitChildren(ctx); }
	                 ^
  symbol:   class T
  location: class Output
Output.java:158: error: cannot find symbol
	@Override public T visitRemoveTableMethod(tableGramParser.RemoveTableMethodContext ctx) { return visitChildren(ctx); }
	                 ^
  symbol:   class T
  location: class Output
Output.java:165: error: cannot find symbol
	@Override public T visitAddRowMethod(tableGramParser.AddRowMethodContext ctx) { return visitChildren(ctx); }
	                 ^
  symbol:   class T
  location: class Output
Output.java:172: error: cannot find symbol
	@Override public T visitNewRowMethod(tableGramParser.NewRowMethodContext ctx) { return visitChildren(ctx); }
	                 ^
  symbol:   class T
  location: class Output
Output.java:179: error: cannot find symbol
	@Override public T visitClearRowMethod(tableGramParser.ClearRowMethodContext ctx) { return visitChildren(ctx); }
	                 ^
  symbol:   class T
  location: class Output
Output.java:186: error: cannot find symbol
	@Override public T visitAddColumnMethod(tableGramParser.AddColumnMethodContext ctx) { return visitChildren(ctx); }
	                 ^
  symbol:   class T
  location: class Output
Output.java:193: error: cannot find symbol
	@Override public T visitNewColumnMethod(tableGramParser.NewColumnMethodContext ctx) { return visitChildren(ctx); }
	                 ^
  symbol:   class T
  location: class Output
Output.java:200: error: cannot find symbol
	@Override public T visitRemoveColumnMethod(tableGramParser.RemoveColumnMethodContext ctx) { return visitChildren(ctx); }
	                 ^
  symbol:   class T
  location: class Output
Output.java:207: error: cannot find symbol
	@Override public T visitPrintMethod(tableGramParser.PrintMethodContext ctx) { return visitChildren(ctx); }
	                 ^
  symbol:   class T
  location: class Output
Output.java:214: error: cannot find symbol
	@Override public T visitExportMethod(tableGramParser.ExportMethodContext ctx) { return visitChildren(ctx); }
	                 ^
  symbol:   class T
  location: class Output
Output.java:221: error: cannot find symbol
	@Override public T visitCreateDefaultTable(tableGramParser.CreateDefaultTableContext ctx) { return visitChildren(ctx); }
	                 ^
  symbol:   class T
  location: class Output
Output.java:228: error: cannot find symbol
	@Override public T visitCreateCustomTable(tableGramParser.CreateCustomTableContext ctx) { return visitChildren(ctx); }
	                 ^
  symbol:   class T
  location: class Output
Output.java:235: error: cannot find symbol
	@Override public T visitCopyTable(tableGramParser.CopyTableContext ctx) { return visitChildren(ctx); }
	                 ^
  symbol:   class T
  location: class Output
Output.java:242: error: cannot find symbol
	@Override public T visitReadTable(tableGramParser.ReadTableContext ctx) { return visitChildren(ctx); }
	                 ^
  symbol:   class T
  location: class Output
Output.java:249: error: cannot find symbol
	@Override public T visitRemoveTable(tableGramParser.RemoveTableContext ctx) { return visitChildren(ctx); }
	                 ^
  symbol:   class T
  location: class Output
Output.java:256: error: cannot find symbol
	@Override public T visitAddRow(tableGramParser.AddRowContext ctx) { return visitChildren(ctx); }
	                 ^
  symbol:   class T
  location: class Output
Output.java:263: error: cannot find symbol
	@Override public T visitNewRow(tableGramParser.NewRowContext ctx) { return visitChildren(ctx); }
	                 ^
  symbol:   class T
  location: class Output
Output.java:270: error: cannot find symbol
	@Override public T visitClearRow(tableGramParser.ClearRowContext ctx) { return visitChildren(ctx); }
	                 ^
  symbol:   class T
  location: class Output
Output.java:277: error: cannot find symbol
	@Override public T visitAddColumn(tableGramParser.AddColumnContext ctx) { return visitChildren(ctx); }
	                 ^
  symbol:   class T
  location: class Output
Output.java:284: error: cannot find symbol
	@Override public T visitNewColumn(tableGramParser.NewColumnContext ctx) { return visitChildren(ctx); }
	                 ^
  symbol:   class T
  location: class Output
Output.java:291: error: cannot find symbol
	@Override public T visitRemoveColumn(tableGramParser.RemoveColumnContext ctx) { return visitChildren(ctx); }
	                 ^
  symbol:   class T
  location: class Output
Output.java:298: error: cannot find symbol
	@Override public T visitExport(tableGramParser.ExportContext ctx) { return visitChildren(ctx); }
	                 ^
  symbol:   class T
  location: class Output
Output.java:305: error: cannot find symbol
	@Override public T visitPrint(tableGramParser.PrintContext ctx) { return visitChildren(ctx); }
	                 ^
  symbol:   class T
  location: class Output
Output.java:312: error: cannot find symbol
	@Override public T visitFicheiro(tableGramParser.FicheiroContext ctx) { return visitChildren(ctx); }
	                 ^
  symbol:   class T
  location: class Output
44 errors
[jgabrantes@laptop Gramatica]$ [K[jgabrantes@laptop Gramatica]$ [K[jgabrantes@laptop Gramatica]$ [K[jgabrantes@laptop Gramatica]$ [K[jgabrantes@laptop Gramatica]$ javac *.java[Kjavac *.java
Output.java:3: error: cannot find symbol
public class Output extends tableGramBaseVisitor<T>{
                                                 ^
  symbol: class T
Output.java:11: error: cannot find symbol
	@Override public T visitMain(tableGramParser.MainContext ctx) { return visitChildren(ctx); }
	                 ^
  symbol:   class T
  location: class Output
Output.java:18: error: cannot find symbol
	@Override public T visitDeclareStat(tableGramParser.DeclareStatContext ctx) { return visitChildren(ctx); }
	                 ^
  symbol:   class T
  location: class Output
Output.java:25: error: cannot find symbol
	@Override public T visitAtrStat(tableGramParser.AtrStatContext ctx) { return visitChildren(ctx); }
	                 ^
  symbol:   class T
  location: class Output
Output.java:32: error: cannot find symbol
	@Override public T visitMethodStat(tableGramParser.MethodStatContext ctx) { return visitChildren(ctx); }
	                 ^
  symbol:   class T
  location: class Output
Output.java:39: error: cannot find symbol
	@Override public T visitDeclareNull(tableGramParser.DeclareNullContext ctx) { return visitChildren(ctx); }
	                 ^
  symbol:   class T
  location: class Output
Output.java:46: error: cannot find symbol
	@Override public T visitDeclareDirect(tableGramParser.DeclareDirectContext ctx) { return visitChildren(ctx); }
	                 ^
  symbol:   class T
  location: class Output
Output.java:53: error: cannot find symbol
	@Override public T visitStringDeclaring(tableGramParser.StringDeclaringContext ctx) { return visitChildren(ctx); }
	                 ^
  symbol:   class T
  location: class Output
Output.java:60: error: cannot find symbol
	@Override public T visitIntDeclaring(tableGramParser.IntDeclaringContext ctx) { return visitChildren(ctx); }
	                 ^
  symbol:   class T
  location: class Output
Output.java:67: error: cannot find symbol
	@Override public T visitDoubleDeclaring(tableGramParser.DoubleDeclaringContext ctx) { return visitChildren(ctx); }
	                 ^
  symbol:   class T
  location: class Output
Output.java:74: error: cannot find symbol
	@Override public T visitTableDeclaring(tableGramParser.TableDeclaringContext ctx) { return visitChildren(ctx); }
	                 ^
  symbol:   class T
  location: class Output
Output.java:81: error: cannot find symbol
	@Override public T visitAtribuicao(tableGramParser.AtribuicaoContext ctx) { return visitChildren(ctx); }
	                 ^
  symbol:   class T
  location: class Output
Output.java:88: error: cannot find symbol
	@Override public T visitMethod(tableGramParser.MethodContext ctx) { return visitChildren(ctx); }
	                 ^
  symbol:   class T
  location: class Output
Output.java:95: error: cannot find symbol
	@Override public T visitNumExpression(tableGramParser.NumExpressionContext ctx) { return visitChildren(ctx); }
	                 ^
  symbol:   class T
  location: class Output
Output.java:102: error: cannot find symbol
	@Override public T visitStringGet(tableGramParser.StringGetContext ctx) { return visitChildren(ctx); }
	                 ^
  symbol:   class T
  location: class Output
Output.java:109: error: cannot find symbol
	@Override public T visitStringMath(tableGramParser.StringMathContext ctx) { return visitChildren(ctx); }
	                 ^
  symbol:   class T
  location: class Output
Output.java:116: error: cannot find symbol
	@Override public T visitMath(tableGramParser.MathContext ctx) { return visitChildren(ctx); }
	                 ^
  symbol:   class T
  location: class Output
Output.java:123: error: cannot find symbol
	@Override public T visitIntMath(tableGramParser.IntMathContext ctx) { return visitChildren(ctx); }
	                 ^
  symbol:   class T
  location: class Output
Output.java:130: error: cannot find symbol
	@Override public T visitDoubleMath(tableGramParser.DoubleMathContext ctx) { return visitChildren(ctx); }
	                 ^
  symbol:   class T
  location: class Output
Output.java:137: error: cannot find symbol
	@Override public T visitStringExpr(tableGramParser.StringExprContext ctx) { return visitChildren(ctx); }
	                 ^
  symbol:   class T
  location: class Output
Output.java:144: error: cannot find symbol
	@Override public T visitNewTableMethod(tableGramParser.NewTableMethodContext ctx) { return visitChildren(ctx); }
	                 ^
  symbol:   class T
  location: class Output
Output.java:151: error: cannot find symbol
	@Override public T visitCopyTableMethod(tableGramParser.CopyTableMethodContext ctx) { return visitChildren(ctx); }
	                 ^
  symbol:   class T
  location: class Output
Output.java:158: error: cannot find symbol
	@Override public T visitRemoveTableMethod(tableGramParser.RemoveTableMethodContext ctx) { return visitChildren(ctx); }
	                 ^
  symbol:   class T
  location: class Output
Output.java:165: error: cannot find symbol
	@Override public T visitAddRowMethod(tableGramParser.AddRowMethodContext ctx) { return visitChildren(ctx); }
	                 ^
  symbol:   class T
  location: class Output
Output.java:172: error: cannot find symbol
	@Override public T visitNewRowMethod(tableGramParser.NewRowMethodContext ctx) { return visitChildren(ctx); }
	                 ^
  symbol:   class T
  location: class Output
Output.java:179: error: cannot find symbol
	@Override public T visitClearRowMethod(tableGramParser.ClearRowMethodContext ctx) { return visitChildren(ctx); }
	                 ^
  symbol:   class T
  location: class Output
Output.java:186: error: cannot find symbol
	@Override public T visitAddColumnMethod(tableGramParser.AddColumnMethodContext ctx) { return visitChildren(ctx); }
	                 ^
  symbol:   class T
  location: class Output
Output.java:193: error: cannot find symbol
	@Override public T visitNewColumnMethod(tableGramParser.NewColumnMethodContext ctx) { return visitChildren(ctx); }
	                 ^
  symbol:   class T
  location: class Output
Output.java:200: error: cannot find symbol
	@Override public T visitRemoveColumnMethod(tableGramParser.RemoveColumnMethodContext ctx) { return visitChildren(ctx); }
	                 ^
  symbol:   class T
  location: class Output
Output.java:207: error: cannot find symbol
	@Override public T visitPrintMethod(tableGramParser.PrintMethodContext ctx) { return visitChildren(ctx); }
	                 ^
  symbol:   class T
  location: class Output
Output.java:214: error: cannot find symbol
	@Override public T visitExportMethod(tableGramParser.ExportMethodContext ctx) { return visitChildren(ctx); }
	                 ^
  symbol:   class T
  location: class Output
Output.java:221: error: cannot find symbol
	@Override public T visitCreateDefaultTable(tableGramParser.CreateDefaultTableContext ctx) { return visitChildren(ctx); }
	                 ^
  symbol:   class T
  location: class Output
Output.java:228: error: cannot find symbol
	@Override public T visitCreateCustomTable(tableGramParser.CreateCustomTableContext ctx) { return visitChildren(ctx); }
	                 ^
  symbol:   class T
  location: class Output
Output.java:235: error: cannot find symbol
	@Override public T visitCopyTable(tableGramParser.CopyTableContext ctx) { return visitChildren(ctx); }
	                 ^
  symbol:   class T
  location: class Output
Output.java:242: error: cannot find symbol
	@Override public T visitReadTable(tableGramParser.ReadTableContext ctx) { return visitChildren(ctx); }
	                 ^
  symbol:   class T
  location: class Output
Output.java:249: error: cannot find symbol
	@Override public T visitRemoveTable(tableGramParser.RemoveTableContext ctx) { return visitChildren(ctx); }
	                 ^
  symbol:   class T
  location: class Output
Output.java:256: error: cannot find symbol
	@Override public T visitAddRow(tableGramParser.AddRowContext ctx) { return visitChildren(ctx); }
	                 ^
  symbol:   class T
  location: class Output
Output.java:263: error: cannot find symbol
	@Override public T visitNewRow(tableGramParser.NewRowContext ctx) { return visitChildren(ctx); }
	                 ^
  symbol:   class T
  location: class Output
Output.java:270: error: cannot find symbol
	@Override public T visitClearRow(tableGramParser.ClearRowContext ctx) { return visitChildren(ctx); }
	                 ^
  symbol:   class T
  location: class Output
Output.java:277: error: cannot find symbol
	@Override public T visitAddColumn(tableGramParser.AddColumnContext ctx) { return visitChildren(ctx); }
	                 ^
  symbol:   class T
  location: class Output
Output.java:284: error: cannot find symbol
	@Override public T visitNewColumn(tableGramParser.NewColumnContext ctx) { return visitChildren(ctx); }
	                 ^
  symbol:   class T
  location: class Output
Output.java:291: error: cannot find symbol
	@Override public T visitRemoveColumn(tableGramParser.RemoveColumnContext ctx) { return visitChildren(ctx); }
	                 ^
  symbol:   class T
  location: class Output
Output.java:298: error: cannot find symbol
	@Override public T visitExport(tableGramParser.ExportContext ctx) { return visitChildren(ctx); }
	                 ^
  symbol:   class T
  location: class Output
Output.java:305: error: cannot find symbol
	@Override public T visitPrint(tableGramParser.PrintContext ctx) { return visitChildren(ctx); }
	                 ^
  symbol:   class T
  location: class Output
Output.java:312: error: cannot find symbol
	@Override public T visitFicheiro(tableGramParser.FicheiroContext ctx) { return visitChildren(ctx); }
	                 ^
  symbol:   class T
  location: class Output
45 errors
[jgabrantes@laptop Gramatica]$ [K[jgabrantes@laptop Gramatica]$ [K[jgabrantes@laptop Gramatica]$ [H[2J[jgabrantes@laptop Gramatica]$ javac *.java
Output.java:3: error: '{' expected
public class Outpu String extends tableGramBaseVisitor<String>{
                  ^
Output.java:3: error: illegal start of type
public class Outpu String extends tableGramBaseVisitor<String>{
                                                              ^
Output.java:11: error: '(' expected
	@Override public String visitMain(tableGramParser.MainContexString ctx) { return visitChildren(ctx); }
	^
Output.java:11: error: <identifier> expected
	@Override public String visitMain(tableGramParser.MainContexString ctx) { return visitChildren(ctx); }
	         ^
4 errors
[jgabrantes@laptop Gramatica]$ [K[jgabrantes@laptop Gramatica]$ [K[jgabrantes@laptop Gramatica]$ [H[2J[jgabrantes@laptop Gramatica]$ javac *.java
Output.java:3: error: '{' expected
public class Output String extends tableGramBaseVisitor<String>{
                   ^
Output.java:3: error: illegal start of type
public class Output String extends tableGramBaseVisitor<String>{
                                                               ^
Output.java:11: error: '(' expected
	@Override public String visitMain(tableGramParser.MainContexString ctx) { return visitChildren(ctx); }
	^
Output.java:11: error: <identifier> expected
	@Override public String visitMain(tableGramParser.MainContexString ctx) { return visitChildren(ctx); }
	         ^
4 errors
[jgabrantes@laptop Gramatica]$ [K[jgabrantes@laptop Gramatica]$ [K[jgabrantes@laptop Gramatica]$ [K[jgabrantes@laptop Gramatica]$ [K[jgabrantes@laptop Gramatica]$ [H[2J[jgabrantes@laptop Gramatica]$ javac *.java
Output.java:11: error: cannot find symbol
	@Override public String visitMain(tableGramParser.MainContexString ctx) { return visitChildren(ctx); }
	                                                 ^
  symbol:   class MainContexString
  location: class tableGramParser
Output.java:18: error: cannot find symbol
	@Override public String visitDeclareStat(tableGramParser.DeclareStatContexString ctx) { return visitChildren(ctx); }
	                                                        ^
  symbol:   class DeclareStatContexString
  location: class tableGramParser
Output.java:25: error: cannot find symbol
	@Override public String visitAtrStat(tableGramParser.AtrStatContexString ctx) { return visitChildren(ctx); }
	                                                    ^
  symbol:   class AtrStatContexString
  location: class tableGramParser
Output.java:32: error: cannot find symbol
	@Override public String visitMethodStat(tableGramParser.MethodStatContexString ctx) { return visitChildren(ctx); }
	                                                       ^
  symbol:   class MethodStatContexString
  location: class tableGramParser
Output.java:39: error: cannot find symbol
	@Override public String visitDeclareNull(tableGramParser.DeclareNullContexString ctx) { return visitChildren(ctx); }
	                                                        ^
  symbol:   class DeclareNullContexString
  location: class tableGramParser
Output.java:46: error: cannot find symbol
	@Override public String visitDeclareDirect(tableGramParser.DeclareDirectContexString ctx) { return visitChildren(ctx); }
	                                                          ^
  symbol:   class DeclareDirectContexString
  location: class tableGramParser
Output.java:53: error: cannot find symbol
	@Override public String visitStringDeclaring(tableGramParser.StringDeclaringContexString ctx) { return visitChildren(ctx); }
	                                                            ^
  symbol:   class StringDeclaringContexString
  location: class tableGramParser
Output.java:60: error: cannot find symbol
	@Override public String visitIntDeclaring(tableGramParser.IntDeclaringContexString ctx) { return visitChildren(ctx); }
	                                                         ^
  symbol:   class IntDeclaringContexString
  location: class tableGramParser
Output.java:67: error: cannot find symbol
	@Override public String visitDoubleDeclaring(tableGramParser.DoubleDeclaringContexString ctx) { return visitChildren(ctx); }
	                                                            ^
  symbol:   class DoubleDeclaringContexString
  location: class tableGramParser
Output.java:74: error: cannot find symbol
	@Override public String visitTableDeclaring(tableGramParser.TableDeclaringContexString ctx) { return visitChildren(ctx); }
	                                                           ^
  symbol:   class TableDeclaringContexString
  location: class tableGramParser
Output.java:81: error: cannot find symbol
	@Override public String visitAtribuicao(tableGramParser.AtribuicaoContexString ctx) { return visitChildren(ctx); }
	                                                       ^
  symbol:   class AtribuicaoContexString
  location: class tableGramParser
Output.java:88: error: cannot find symbol
	@Override public String visitMethod(tableGramParser.MethodContexString ctx) { return visitChildren(ctx); }
	                                                   ^
  symbol:   class MethodContexString
  location: class tableGramParser
Output.java:95: error: cannot find symbol
	@Override public String visitNumExpression(tableGramParser.NumExpressionContexString ctx) { return visitChildren(ctx); }
	                                                          ^
  symbol:   class NumExpressionContexString
  location: class tableGramParser
Output.java:102: error: cannot find symbol
	@Override public String visitStringGet(tableGramParser.StringGetContexString ctx) { return visitChildren(ctx); }
	                                                      ^
  symbol:   class StringGetContexString
  location: class tableGramParser
Output.java:109: error: cannot find symbol
	@Override public String visitStringMath(tableGramParser.StringMathContexString ctx) { return visitChildren(ctx); }
	                                                       ^
  symbol:   class StringMathContexString
  location: class tableGramParser
Output.java:116: error: cannot find symbol
	@Override public String visitMath(tableGramParser.MathContexString ctx) { return visitChildren(ctx); }
	                                                 ^
  symbol:   class MathContexString
  location: class tableGramParser
Output.java:123: error: cannot find symbol
	@Override public String visitIntMath(tableGramParser.IntMathContexString ctx) { return visitChildren(ctx); }
	                                                    ^
  symbol:   class IntMathContexString
  location: class tableGramParser
Output.java:130: error: cannot find symbol
	@Override public String visitDoubleMath(tableGramParser.DoubleMathContexString ctx) { return visitChildren(ctx); }
	                                                       ^
  symbol:   class DoubleMathContexString
  location: class tableGramParser
Output.java:137: error: cannot find symbol
	@Override public String visitStringExpr(tableGramParser.StringExprContexString ctx) { return visitChildren(ctx); }
	                                                       ^
  symbol:   class StringExprContexString
  location: class tableGramParser
Output.java:144: error: cannot find symbol
	@Override public String visitNewTableMethod(tableGramParser.NewTableMethodContexString ctx) { return visitChildren(ctx); }
	                                                           ^
  symbol:   class NewTableMethodContexString
  location: class tableGramParser
Output.java:151: error: cannot find symbol
	@Override public String visitCopyTableMethod(tableGramParser.CopyTableMethodContexString ctx) { return visitChildren(ctx); }
	                                                            ^
  symbol:   class CopyTableMethodContexString
  location: class tableGramParser
Output.java:158: error: cannot find symbol
	@Override public String visitRemoveTableMethod(tableGramParser.RemoveTableMethodContexString ctx) { return visitChildren(ctx); }
	                                                              ^
  symbol:   class RemoveTableMethodContexString
  location: class tableGramParser
Output.java:165: error: cannot find symbol
	@Override public String visitAddRowMethod(tableGramParser.AddRowMethodContexString ctx) { return visitChildren(ctx); }
	                                                         ^
  symbol:   class AddRowMethodContexString
  location: class tableGramParser
Output.java:172: error: cannot find symbol
	@Override public String visitNewRowMethod(tableGramParser.NewRowMethodContexString ctx) { return visitChildren(ctx); }
	                                                         ^
  symbol:   class NewRowMethodContexString
  location: class tableGramParser
Output.java:179: error: cannot find symbol
	@Override public String visitClearRowMethod(tableGramParser.ClearRowMethodContexString ctx) { return visitChildren(ctx); }
	                                                           ^
  symbol:   class ClearRowMethodContexString
  location: class tableGramParser
Output.java:186: error: cannot find symbol
	@Override public String visitAddColumnMethod(tableGramParser.AddColumnMethodContexString ctx) { return visitChildren(ctx); }
	                                                            ^
  symbol:   class AddColumnMethodContexString
  location: class tableGramParser
Output.java:193: error: cannot find symbol
	@Override public String visitNewColumnMethod(tableGramParser.NewColumnMethodContexString ctx) { return visitChildren(ctx); }
	                                                            ^
  symbol:   class NewColumnMethodContexString
  location: class tableGramParser
Output.java:200: error: cannot find symbol
	@Override public String visitRemoveColumnMethod(tableGramParser.RemoveColumnMethodContexString ctx) { return visitChildren(ctx); }
	                                                               ^
  symbol:   class RemoveColumnMethodContexString
  location: class tableGramParser
Output.java:207: error: cannot find symbol
	@Override public String visitPrintMethod(tableGramParser.PrintMethodContexString ctx) { return visitChildren(ctx); }
	                                                        ^
  symbol:   class PrintMethodContexString
  location: class tableGramParser
Output.java:214: error: cannot find symbol
	@Override public String visitExportMethod(tableGramParser.ExportMethodContexString ctx) { return visitChildren(ctx); }
	                                                         ^
  symbol:   class ExportMethodContexString
  location: class tableGramParser
Output.java:221: error: cannot find symbol
	@Override public String visitCreateDefaultTable(tableGramParser.CreateDefaultTableContexString ctx) { return visitChildren(ctx); }
	                                                               ^
  symbol:   class CreateDefaultTableContexString
  location: class tableGramParser
Output.java:228: error: cannot find symbol
	@Override public String visitCreateCustomTable(tableGramParser.CreateCustomTableContexString ctx) { return visitChildren(ctx); }
	                                                              ^
  symbol:   class CreateCustomTableContexString
  location: class tableGramParser
Output.java:235: error: cannot find symbol
	@Override public String visitCopyTable(tableGramParser.CopyTableContexString ctx) { return visitChildren(ctx); }
	                                                      ^
  symbol:   class CopyTableContexString
  location: class tableGramParser
Output.java:242: error: cannot find symbol
	@Override public String visitReadTable(tableGramParser.ReadTableContexString ctx) { return visitChildren(ctx); }
	                                                      ^
  symbol:   class ReadTableContexString
  location: class tableGramParser
Output.java:249: error: cannot find symbol
	@Override public String visitRemoveTable(tableGramParser.RemoveTableContexString ctx) { return visitChildren(ctx); }
	                                                        ^
  symbol:   class RemoveTableContexString
  location: class tableGramParser
Output.java:256: error: cannot find symbol
	@Override public String visitAddRow(tableGramParser.AddRowContexString ctx) { return visitChildren(ctx); }
	                                                   ^
  symbol:   class AddRowContexString
  location: class tableGramParser
Output.java:263: error: cannot find symbol
	@Override public String visitNewRow(tableGramParser.NewRowContexString ctx) { return visitChildren(ctx); }
	                                                   ^
  symbol:   class NewRowContexString
  location: class tableGramParser
Output.java:270: error: cannot find symbol
	@Override public String visitClearRow(tableGramParser.ClearRowContexString ctx) { return visitChildren(ctx); }
	                                                     ^
  symbol:   class ClearRowContexString
  location: class tableGramParser
Output.java:277: error: cannot find symbol
	@Override public String visitAddColumn(tableGramParser.AddColumnContexString ctx) { return visitChildren(ctx); }
	                                                      ^
  symbol:   class AddColumnContexString
  location: class tableGramParser
Output.java:284: error: cannot find symbol
	@Override public String visitNewColumn(tableGramParser.NewColumnContexString ctx) { return visitChildren(ctx); }
	                                                      ^
  symbol:   class NewColumnContexString
  location: class tableGramParser
Output.java:291: error: cannot find symbol
	@Override public String visitRemoveColumn(tableGramParser.RemoveColumnContexString ctx) { return visitChildren(ctx); }
	                                                         ^
  symbol:   class RemoveColumnContexString
  location: class tableGramParser
Output.java:298: error: cannot find symbol
	@Override public String visitExport(tableGramParser.ExportContexString ctx) { return visitChildren(ctx); }
	                                                   ^
  symbol:   class ExportContexString
  location: class tableGramParser
Output.java:305: error: cannot find symbol
	@Override public String visitPrint(tableGramParser.PrintContexString ctx) { return visitChildren(ctx); }
	                                                  ^
  symbol:   class PrintContexString
  location: class tableGramParser
Output.java:312: error: cannot find symbol
	@Override public String visitFicheiro(tableGramParser.FicheiroContexString ctx) { return visitChildren(ctx); }
	                                                     ^
  symbol:   class FicheiroContexString
  location: class tableGramParser
44 errors
[jgabrantes@laptop Gramatica]$ [K[jgabrantes@laptop Gramatica]$ [K[jgabrantes@laptop Gramatica]$ [K[jgabrantes@laptop Gramatica]$ [K[jgabrantes@laptop Gramatica]$ [K[jgabrantes@laptop Gramatica]$ [K[jgabrantes@laptop Gramatica]$ [K[jgabrantes@laptop Gramatica]$ [K[jgabrantes@laptop Gramatica]$ ../script
[H[2J[3J../script: line 3: cd: Gramatica/: No such file or directory
Removing class files:
removing ./tableGramParser$StringGetContext.class
removing ./tableGramParser$NewTableMethodContext.class
removing ./tableGramLexer.class
removing ./tableGramParser$TipoContext.class
removing ./tableGramParser$IntDeclaringContext.class
removing ./tableGramListener.class
removing ./tableGramParser$MethodStatContext.class
removing ./tableGramParser$ExportContext.class
removing ./tableGramParser.class
removing ./tableGramParser$RemoveTableContext.class
removing ./tableGramParser$TableDeclaringContext.class
removing ./tableGramParser$RemoveColumnContext.class
removing ./tableGramParser$StatContext.class
removing ./tableGramParser$CopyTableContext.class
removing ./Output.class
removing ./tableGramParser$StringDeclaringContext.class
removing ./tableGramParser$NumExprContext.class
removing ./tableGramParser$DoubleDeclaringContext.class
removing ./tableGramParser$FicheiroContext.class
removing ./tableGramParser$CopyTableMethodContext.class
removing ./tableGramBaseListener.class
removing ./tableGramParser$RemoveTableMethodContext.class
removing ./tableGramParser$NewRowMethodContext.class
removing ./tableGramParser$ClearRowContext.class
removing ./tableGramParser$DeclareDirectContext.class
removing ./tableGramParser$MethodContext.class
removing ./tableGramParser$DeclaracaoContext.class
removing ./tableGramParser$AtrStatContext.class
removing ./tableGramParser$ClearRowMethodContext.class
removing ./tableGramParser$NewColumnContext.class
removing ./tableGramParser$MathContext.class
removing ./tableGramParser$AddRowMethodContext.class
removing ./tableGramParser$ExprContext.class
removing ./tableGramParser$StringMathContext.class
removing ./tableGramParser$NewColumnMethodContext.class
removing ./tableGramParser$NumExpressionContext.class
removing ./tableGramParser$IntMathContext.class
removing ./tableGramParser$NewTableContext.class
removing ./tableGramParser$AddColumnMethodContext.class
removing ./tableGramParser$AtribuicaoContext.class
removing ./tableGramParser$NewRowContext.class
removing ./tableGramParser$NonVoidMethodsContext.class
removing ./tableGramParser$VoidMethodsContext.class
removing ./tableGramParser$PrintMethodContext.class
removing ./tableGramParser$StringExprContext.class
removing ./tableGramParser$ExportMethodContext.class
removing ./tableGramParser$RemoveColumnMethodContext.class
removing ./tableGramParser$MainContext.class
removing ./tableGramParser$DoubleMathContext.class
removing ./tableGramParser$CreateCustomTableContext.class
removing ./tableGramParser$DeclareStatContext.class
removing ./tableGramParser$DeclareNullContext.class
removing ./tableGramParser$AddColumnContext.class
removing ./tableGramParser$PrintContext.class
removing ./tableGramParser$CreateDefaultTableContext.class
removing ./tableGramVisitor.class
removing ./tableGramParser$ReadTableContext.class
removing ./tableGramParser$AddRowContext.class
removing ./tableGramBaseVisitor.class
Removing ./tableGram.g4 files:
removed './tableGram.tokens'
removed './tableGram.interp'
removed './tableGramLexer.interp'
removed './tableGramBaseListener.java'
removed './tableGramListener.java'
removed './tableGramBaseVisitor.java'
removed './tableGramVisitor.java'
removed './tableGramLexer.tokens'
removed './tableGramLexer.java'
removed './tableGramParser.java'
[sudo] password for jgabrantes: 
Creating "tableGramMain.java" for:
   grammar="tableGram"
   rule="main"
   treewalking="Output"
   visitors="Output"
   line-interactive
[jgabrantes@laptop Gramatica]$ ls
Output.java                 tableGramBaseVisitor.java  tableGram.interp       tableGramLexer.java    tableGramListener.java  tableGramParser.java  tableGramVisitor.java
tableGramBaseListener.java  tableGram.g4               tableGramLexer.interp  tableGramLexer.tokens  tableGramMain.java      tableGram.tokens      typescript
[jgabrantes@laptop Gramatica]$ [K[jgabrantes@laptop Gramatica]$ [K[jgabrantes@laptop Gramatica]$ [H[2J[jgabrantes@laptop Gramatica]$ antlr4-test testGr[K[K[K[K[K[K[K[K[K[K[K[K[K[K[K[K[K[Kls
Output.java                 tableGramBaseVisitor.java  tableGram.interp       tableGramLexer.java    tableGramListener.java  tableGramParser.java  tableGramVisitor.java
tableGramBaseListener.java  tableGram.g4               tableGramLexer.interp  tableGramLexer.tokens  tableGramMain.java      tableGram.tokens      typescript
[jgabrantes@laptop Gramatica]$ cd ..
[jgabrantes@laptop lfa-1819-g08]$ ls
comandos  [0m[01;34mGramatica[0m  requir.txt  [01;32mscript[0m  tabela2.class  tabela2.java  Tabela.class  Tabela.java  teste.txt  testGram  testGram.txt  testMain.class  testMain.java  testTabela2.class  testTabela2.java  typescript
[jgabrantes@laptop lfa-1819-g08]$ antlr4-test testGram.tst[K[Kxt
Can't load Gramatica.tableGram as lexer or parser
[jgabrantes@laptop lfa-1819-g08]$ subl script 
[jgabrantes@laptop lfa-1819-g08]$ [K[jgabrantes@laptop lfa-1819-g08]$ [K[jgabrantes@laptop lfa-1819-g08]$ antlr4-build Gramatica/tableGram.g4
Processing ./Gramatica/tableGram
./Gramatica/tableGramBaseVisitor.java:12: error: duplicate class: tableGramBaseVisitor
public class tableGramBaseVisitor<T> extends AbstractParseTreeVisitor<T> implements tableGramVisitor<T> {
       ^
././Gramatica/Output.java:3: error: cannot access tableGramBaseVisitor
public class Output  extends tableGramBaseVisitor<String> {
                             ^
  bad source file: ./Gramatica/tableGramBaseVisitor.java
    file does not contain class Gramatica.tableGramBaseVisitor
    Please remove or make sure it appears in the correct subdirectory of the sourcepath.
[jgabrantes@laptop lfa-1819-g08]$ [K[jgabrantes@laptop lfa-1819-g08]$ [K[jgabrantes@laptop lfa-1819-g08]$ [H[2J[jgabrantes@laptop lfa-1819-g08]$ antlr4-build Gramatica/tableGram.g4
Processing ./Gramatica/tableGram
./Gramatica/tableGramBaseVisitor.java:12: error: duplicate class: tableGramBaseVisitor
public class tableGramBaseVisitor<T> extends AbstractParseTreeVisitor<T> implements tableGramVisitor<T> {
       ^
././Gramatica/Output.java:3: error: cannot access tableGramBaseVisitor
public class Output  extends tableGramBaseVisitor<String> {
                             ^
  bad source file: ./Gramatica/tableGramBaseVisitor.java
    file does not contain class Gramatica.tableGramBaseVisitor
    Please remove or make sure it appears in the correct subdirectory of the sourcepath.
[jgabrantes@laptop lfa-1819-g08]$ [K[jgabrantes@laptop lfa-1819-g08]$ [K[jgabrantes@laptop lfa-1819-g08]$ ls
comandos  [0m[01;34mGramatica[0m  requir.txt  [01;32mscript[0m  tabela2.class  tabela2.java  Tabela.class  Tabela.java  teste.txt  testGram  testGram.txt  testMain.class  testMain.java  testTabela2.class  testTabela2.java  typescript
[jgabrantes@laptop lfa-1819-g08]$ ls
comandos  [0m[01;34mGramatica[0m  requir.txt  [01;32mscript[0m  tabela2.class  tabela2.java  Tabela.class  Tabela.java  teste.txt  testGram  testGram.txt  testMain.class  testMain.java  testTabela2.class  testTabela2.java  typescript
[jgabrantes@laptop lfa-1819-g08]$ ls[K[K[K[jgabrantes@laptop lfa-1819-g08]$ [K[jgabrantes@laptop lfa-1819-g08]$ ls
comandos  [0m[01;34mGramatica[0m  requir.txt  [01;32mscript[0m  tabela2.class  tabela2.java  Tabela.class  Tabela.java  teste.txt  testGram  testGram.txt  testMain.class  testMain.java  testTabela2.class  testTabela2.java  typescript
[jgabrantes@laptop lfa-1819-g08]$ git pu[K[Kasds[K[K[Kddd[K testGram.txt
[jgabrantes@laptop lfa-1819-g08]$ git o[Kcommit-[K -m"FIcheiro de teste da gramatix[Kca"("i"n"c"o"m"p"l"e"t"o")"[C
[master 1601aef] FIcheiro de teste da gramatica(incompleto)
 1 file changed, 27 insertions(+)
 create mode 100644 testGram.txt
[jgabrantes@laptop lfa-1819-g08]$ gi [Kt push
Username for 'https://code.ua.pt': jgabrantes@ua.pt
Password for 'https://jgabrantes@ua.pt@code.ua.pt': 
Enumerating objects: 4, done.
Counting objects:  25% (1/4)   Counting objects:  50% (2/4)   Counting objects:  75% (3/4)   Counting objects: 100% (4/4)   Counting objects: 100% (4/4), done.
Delta compression using up to 4 threads
Compressing objects:  33% (1/3)   Compressing objects:  66% (2/3)   Compressing objects: 100% (3/3)   Compressing objects: 100% (3/3), done.
Writing objects:  33% (1/3)   Writing objects:  66% (2/3)   Writing objects: 100% (3/3)   Writing objects: 100% (3/3), 426 bytes | 426.00 KiB/s, done.
Total 3 (delta 1), reused 0 (delta 0)
To https://code.ua.pt/git/lfa-1819-g08
   947c2c0..1601aef  master -> master
[jgabrantes@laptop lfa-1819-g08]$ git ph[K[K[K[K[K[K./script[Ky[Kt 
[H[2J[3JRemoving class files:
Removing ./tableGram.g4 files:
removed './tableGram.tokens'
removed './tableGram.interp'
removed './tableGramLexer.interp'
removed './tableGramBaseListener.java'
removed './tableGramListener.java'
removed './tableGramBaseVisitor.java'
removed './tableGramVisitor.java'
removed './tableGramLexer.tokens'
removed './tableGramLexer.java'
removed './tableGramParser.java'
[sudo] password for jgabrantes: 
^^L^CERROR: file "tableGramMain.java" already exists!
[jgabrantes@laptop lfa-1819-g08]$ ls
comandos  [0m[01;34mGramatica[0m  requir.txt  [01;32mscript[0m  tabela2.class  tabela2.java  Tabela.class  Tabela.java  teste.txt  testGram  testGram.txt  testMain.class  testMain.java  testTabela2.class  testTabela2.java  typescript
[jgabrantes@laptop lfa-1819-g08]$ cd[K[Kgit [K[K[K[Kgit add Gramatica/tableGram.g4
[jgabrantes@laptop lfa-1819-g08]$ e[Kgit commo[Kit -m"Alterarção dos nomes dos métodos"
[master b0b17e9] Alterarção dos nomes dos métodos
 1 file changed, 9 insertions(+), 9 deletions(-)
[jgabrantes@laptop lfa-1819-g08]$ git push
Username for 'https://code.ua.pt': jgabrantes@ua.pt
Password for 'https://jgabrantes@ua.pt@code.ua.pt': 
To https://code.ua.pt/git/lfa-1819-g08
 [31m! [rejected]       [m master -> master (fetch first)
[31merror: failed to push some refs to 'https://code.ua.pt/git/lfa-1819-g08'
[m[33mhint: Updates were rejected because the remote contains work that you do[m
[33mhint: not have locally. This is usually caused by another repository pushing[m
[33mhint: to the same ref. You may want to first integrate the remote changes[m
[33mhint: (e.g., 'git pull ...') before pushing again.[m
[33mhint: See the 'Note about fast-forwards' in 'git push --help' for details.[m
[jgabrantesit commo[Kit -m"Alterarção dos nomes dos métodos"
[master b0b17e9] Alterarção dos nomes dos métodos
 1 file changed, 9 insertions(+), 9 deletions(-)
[jgabrantes@laptop lfa-1819-g08]$ git push
Username for 'https://code.ua.pt': jgabrantes@ua.pt
Password for 'https://jgabrantes@ua.pt@code.ua.pt': 
To https://code.ua.pt/git/lfa-1819-g08
 [31m! [rejected]       [m master -> master (fetch first)
[31merror: failed to push some refs to 'https://code.ua.pt/git/lfa-1819-g08'
[m[33mhint: Updates were rejected because the remote contains work that you do[m
[33mhint: not have locally. This is usually caused by another repository pushing[m
[33mhint: to the same ref. You may want to first integrate the remote changes[m
[33mhint: (e.g., 'git pull ...') before pushing again.[m
[33mhint: See the 'Note about fast-forwards' in 'git push --help' for details.[m
[jgabrantes@laptop lfa-1819-g08]$ git pull
Username for 'https://code.ua.pt': jgabrantes@ua.pt
Password for 'https://jgabrantes@ua.pt@code.ua.pt': 
remote: Counting objects: 10, done.[K
remote: Compressing objects:  16% (1/6)   [Kremote: Compressing objects:  33% (2/6)   [Kremote: Compressing objects:  50% (3/6)   [Kremote: Compressing objects:  66% (4/6)   [Kremote: Compressing objects:  83% (5/6)   [Kremote: Compressing objects: 100% (6/6)   [Kremote: Compressing objects: 100% (6/6), done.[K
remote: Total 6 (delta 4), reused 0 (delta 0)[K
Unpacking objects:  16% (1/6)   Unpacking objects:  33% (2/6)   Unpacking objects:  50% (3/6)   Unpacking objects:  66% (4/6)   Unpacking objects:  83% (5/6)   Unpacking objects: 100% (6/6)   Unpacking objects: 100% (6/6), done.
From https://code.ua.pt/git/lfa-1819-g08
   1601aef..8c26a6e  master     -> origin/master
hint: Waiting for your editor to close the file... [?1049h[22;0;0t[?1h=[?2004h[1;57r[?12h[?12l[27m[23m[29m[m[H[2J[?25l[57;1H"~/Documents/LFA/lfa-1819-g08/.git/MERGE_MSG" 7L, 288C[1;1HMerge branch 'master' of https://code.ua.pt/git/lfa-1819-g08

# Please enter a commit message to explain why this merge is necessary,
# especially if it merges an updated upstream into a topic branch.
#
# Lines starting with '#' will be ignored, and an empty message aborts
# the commit.
[1m[34m~                                                                                                                                                                                                                                             [9;1H~                                                                                                                                                                                                                                             [10;1H~                                                                                                                                                                                                                                             [11;1H~                                                                                                                                                                                                                                             [12;1H~                                                                                                                                                                                                                                             [13;1H~                                                                                                                                                                                                                                             [14;1H~                                                                                                                                                                                                                                             [15;1H~                                                                                                                                                                                                                                             [16;1H~                                                                                                                                                                                                                                             [17;1H~                                                                                                                                                                                                                                             [18;1H~                                                                                                                                                                                                                                             [19;1H~                                                                                                                                                                                                                                             [20;1H~                                                                                                                                                                                                                                             [21;1H~                                                                                                                                                                                                                                             [22;1H~                                                                                                                                                                                                                                             [23;1H~                                                                                                                                                                                                                                             [24;1H~                                                                                                                                                                                                                                             [25;1H~                                                                                                                                                                                                                                             [26;1H~                                                                                                                                                                                                                                             [27;1H~                                                                                                                                                                                                                                             [28;1H~                                                                                                                                                                                                                                             [29;1H~                                                                                                                                                                                                                                             [30;1H~                                                                                                                                                                                                                                             [31;1H~                                                                                                                                                                                                                                             [32;1H~                                                                                                                                                                                                                                             [33;1H~                                                                                                                                                                                                                                             [34;1H~                                                                                                                                                                                                                                             [35;1H~                                                                                                                                                                                                                                             [36;1H~                                                                                                                                                                                                                                             [37;1H~                                                                                                                                                                                                                                             [38;1H~                                                                                                                                                                                                                                             [39;1H~                                                                                                                                                                                                                                             [40;1H~                                                                                                                                                                                                                                             [41;1H~                                                                                                                                                                                                                                             [42;1H~                                                                                                                                                                                                                                             [43;1H~                                                                                                                                                                                                                                             [44;1H~                                                                                                                                                                                                                                             [45;1H~                                                                                                                                                                                                                                             [46;1H~                                                                                                                                                                                                                                             [47;1H~                                                                                                                                                                                                                                             [48;1H~                                                                                                                                                                                                                                             [49;1H~                                                                                                                                                                                                                                             [50;1H~                                                                                                                                                                                                                                             [51;1H~                                                                                                                                                                                                                                             [52;1H~                                                                                                                                                                                                                                             [53;1H~                                                                                                                                                                                                                                             [54;1H~                                                                                                                                                                                                                                             [55;1H~                                                                                                                                                                                                                                             [56;1H~                                                                                                                                                                                                                                             [1;1H[?25h[?25l[m[57;1HType  :qa  and press <Enter> to exit Vim[57;41H[K[1;1H[?25h[?25l[54C20[?25h
[?25l[57;1H[K[57;1H:[?2004h[?25hqa[?25l[1m[37m[41mE37: No write since last change[m
[1m[37m[41mE162: No write since last change for buffer ".git/MERGE_MSG"[?2004h[m
[32mPress ENTER or type command to continue[?25h[m[1;1H[2L[?25l[1;1HMerge branch 'master' of https://code.ua.pt/git/lfa-1820-g08[57;1H[K[2;1H[?25h[?25l[57;1H[1m-- INSERT --[2;1H[?25h[?25l[mt[?25h[?25l [?25h[?25l:[?25h[?25lq[?25h[?25la[?25h[?25l[3;56r[3;1H[L[1;57r[3;1H[?25h[?25l.[?25h[?25l:[?25h[?25l[57;1H[K[3;2H[?25h[?25l[57;1H:[?2004h[?25hqa[?25l[1m[37m[41mE37: No write since last change[m
[1m[37m[41mE162: No write since last change for buffer ".git/MERGE_MSG"[?2004h[m
[32mPress ENTER or type command to continue[?25h[?25l[m[57;1H[K[57;1H:[?2004h[?25hq[?25l[1m[37m[41mE37: No write since last change (add ! to override)[?2004h[m
[32mPress ENTER or type command to continue[?25h[m[1;1H[3L[?25l[1;1HMerge branch 'master' of https://code.ua.pt/git/lfa-1820-g08
t :qa
.:[57;1H[K[3;2H[?25h[2;5H[1;60H[?25lg07[?25h[27m[23m[29m[m[H[2J[?25l[1;1HMerge branch 'master' of https://code.ua.pt/git/lfa-1820-g07
t :qa
.:
# Please enter a commit message to explain why this merge is necessary,
# especially if it merges an updated upstream into a topic branch.
#
# Lines starting with '#' will be ignored, and an empty message aborts
# the commit.
[1m[34m~                                                                                                                                                                                                                                             [10;1H~                                                                                                                                                                                                                                             [11;1H~                                                                                                                                                                                                                                             [12;1H~                                                                                                                                                                                                                                             [13;1H~                                                                                                                                                                                                                                             [14;1H~                                                                                                                                                                                                                                             [15;1H~                                                                                                                                                                                                                                             [16;1H~                                                                                                                                                                                                                                             [17;1H~                                                                                                                                                                                                                                             [18;1H~                                                                                                                                                                                                                                             [19;1H~                                                                                                                                                                                                                                             [20;1H~                                                                                                                                                                                                                                             [21;1H~                                                                                                                                                                                                                                             [22;1H~                                                                                                                                                                                                                                             [23;1H~                                                                                                                                                                                                                                             [24;1H~                                                                                                                                                                                                                                             [25;1H~                                                                                                                                                                                                                                             [26;1H~                                                                                                                                                                                                                                             [27;1H~                                                                                                                                                                                                                                             [28;1H~                                                                                                                                                                                                                                             [29;1H~                                                                                                                                                                                                                                             [30;1H~                                                                                                                                                                                                                                             [31;1H~                                                                                                                                                                                                                                             [32;1H~                                                                                                                                                                                                                                             [33;1H~                                                                                                                                                                                                                                             [34;1H~                                                                                                                                                                                                                                             [35;1H~                                                                                                                                                                                                                                             [36;1H~                                                                                                                                                                                                                                             [37;1H~                                                                                                                                                                                                                                             [38;1H~                                                                                                                                                                                                                                             [39;1H~                                                                                                                                                                                                                                             [40;1H~                                                                                                                                                                                                                                             [41;1H~                                                                                                                                                                                                                                             [42;1H~                                                                                                                                                                                                                                             [43;1H~                                                                                                                                                                                                                                             [44;1H~                                                                                                                                                                                                                                                                                                                             [49;1H~                                                                                                                                                                                                                                             [50;1H~                                                                                                                                                                                                                                             [51;1H~                                                                                                                                                                                                                                             [52;1H~                                                                                                                                                                                                                                             [53;1H~                                                                                                                                                                                                                                             [54;1H~                                                                                                                                                                                                                                             [55;1H~                                                                                                                                                                                                                                             [56;1H~                                                                                                                                                                                                                                             [1;60H[?25h[27m[23m[29m[m[H[2J[?25l[1;1HMerge branch 'master' of https://code.ua.pt/git/lfa-1820-g07
t :qa
.:
# Please enter a commit message to explain why this merge is necessary,
# especially if it merges an updated upstream into a topic branch.
#
# Lines starting with '#' will be ignored, and an empty message aborts
# the commit.
[1m[34m~                                                                                                                                                                                                                                             [10;1H~                                                                                                                                                                                                                                             [11;1H~                                                                                                                                                                                                                                             [12;1H~                                                                                                                                                                                                                                             [1;60H[?25h[27m[23m[29m[m[H[2J[?25l[1;1HMerge branch 'master' of https://code.ua.pt/git/lfa-1820-g07
t :qa
.:
# Please enter a commit message to explain why this merge is necessary,
# especially if it merges an updated upstream into a topic branch.
#
# Lines starting with '#' will be ignored, and an empty message aborts
# the commit.
[1m[34m~                                                                                                                                                                                                                                             [10;1H~                                                                                                                                                                                                                                             [11;1H~                                                                                                                                                                                                                                             [12;1H~                                                                                                                                                                                                                                             [13;1H~                                                                                                                                                                                                                                             [14;1H~                                                                                                                                                                                                                                             [15;1H~                                                                                                                                                                                                                                             [16;1H~                                                                                                                                                                                                                                             [17;1H~                                                                                                                                                                                                                                             [18;1H~                                                                                                                                                                                                                                             [19;1H~                                                                                                                                                                                                                                             [20;1H~                                                                                                                                                                                                                                             [21;1H~                                                                                                                                                                                                                                             [22;1H~                                                                                                                                                                                                                                             [23;1H~                                                                                                                                                                                                                                             [24;1H~                                                                                                                                                                                                                                             [25;1H~                                                                                                                                                                                                                                             [26;1H~                                                                                                                                                                                                                                             [27;1H~                                                                                                                                                                                                                                             [28;1H~                                                                                                                                                                                                                                             [29;1H~                                                                                                                                                                                                                                             [30;1H~                                                                                                                                                                                                                                             [31;1H~                                                                                                                                                                                                                                             [32;1H~                                                                                                                                                                                                                                             [33;1H~                                                                                                                                                                                                                                             [34;1H~                                                                                                                                                                                                                                             [35;1H~                                                                                                                                                                                                                                             [36;1H~                                                                                                                                                                                                                                             [37;1H~                                                                                                                                                                                                                                             [38;1H~                                                                                                                                                                                                                                             [39;1H~                                                                                                                                                                                                                                             [40;1H~                                                                                                                                                                                                                                             [41;1H~                                                                                                                                                                                                                                             [42;1H~                                                                                                                                                                                                                                             [43;1H~                                                                                                                                                                                                                                             [44;1H~                                                                                                                                                                                                                                             [45;1H~                                                                                                                                                                                                                                             [46;1H~                                                                                                                                                                                                                                             [47;1H~                                                                                                                                                                                                                                             [48;1H~                                                                                                                                                                                                                                             [49;1H~                                                                                                                                                                                                                                             [50;1H~                                                                                                                                                                                                                                             [51;1H~                                                                                                                                                                                                                                             [52;1H~                                                                                                                                                                                                                                             [53;1H~                                                                                                                                                                                                                                             [54;1H~                                                                                                                                                                                                                                             [55;1H~                                                                                                                                                                                                                                             [56;1H~                                                                                                                                                                                                                                             [1;60H[?25h




[?25l[57;1H[m:[?2004h[?25he[?25l[1m[37m[41mE37: No write since last change (add ! to override)[6;1H[?25h[?25l[m[57;1H[K[57;1H:[?2004h[?25he![?25l".git/MERGE_MSG" 7L, 288C[1;55H19-g08[2;1H[K[3;1H# Please enter a commit message to explain why this merge is necessary,
# especially if it merges an updated upstream into a topic branch.[4;67H[K[5;3H[K[6;3HLines starting with '#' will be ignored, and an empty message aborts
# the commit.[7;14H[K[8;1H[1m[34m~                                                                                                                                                                                                                                             [6;1H[?25h[?25l[m[57;1H[K[57;1H:[?200